Component: Arm Compiler for Embedded 6.19 Tool: armlink [5e73cb00]

==============================================================================

Section Cross References

    startup_stm32f407xx.o(STACK) refers (Special) to heapauxi.o(.text) for __use_two_region_memory
    startup_stm32f407xx.o(HEAP) refers (Special) to heapauxi.o(.text) for __use_two_region_memory
    startup_stm32f407xx.o(RESET) refers (Special) to heapauxi.o(.text) for __use_two_region_memory
    startup_stm32f407xx.o(RESET) refers to startup_stm32f407xx.o(STACK) for __initial_sp
    startup_stm32f407xx.o(RESET) refers to startup_stm32f407xx.o(.text) for Reset_Handler
    startup_stm32f407xx.o(RESET) refers to stm32f4xx_it.o(.text.NMI_Handler) for NMI_Handler
    startup_stm32f407xx.o(RESET) refers to stm32f4xx_it.o(.text.HardFault_Handler) for HardFault_Handler
    startup_stm32f407xx.o(RESET) refers to stm32f4xx_it.o(.text.MemManage_Handler) for MemManage_Handler
    startup_stm32f407xx.o(RESET) refers to stm32f4xx_it.o(.text.BusFault_Handler) for BusFault_Handler
    startup_stm32f407xx.o(RESET) refers to stm32f4xx_it.o(.text.UsageFault_Handler) for UsageFault_Handler
    startup_stm32f407xx.o(RESET) refers to stm32f4xx_it.o(.text.SVC_Handler) for SVC_Handler
    startup_stm32f407xx.o(RESET) refers to stm32f4xx_it.o(.text.DebugMon_Handler) for DebugMon_Handler
    startup_stm32f407xx.o(RESET) refers to stm32f4xx_it.o(.text.PendSV_Handler) for PendSV_Handler
    startup_stm32f407xx.o(RESET) refers to stm32f4xx_it.o(.text.SysTick_Handler) for SysTick_Handler
    startup_stm32f407xx.o(RESET) refers to stm32f4xx_it.o(.text.EXTI0_IRQHandler) for EXTI0_IRQHandler
    startup_stm32f407xx.o(RESET) refers to stm32f4xx_it.o(.text.UART4_IRQHandler) for UART4_IRQHandler
    startup_stm32f407xx.o(.text) refers (Special) to heapauxi.o(.text) for __use_two_region_memory
    startup_stm32f407xx.o(.text) refers to system_stm32f4xx.o(.text.SystemInit) for SystemInit
    startup_stm32f407xx.o(.text) refers to __main.o(!!!main) for __main
    startup_stm32f407xx.o(.text) refers to startup_stm32f407xx.o(HEAP) for Heap_Mem
    startup_stm32f407xx.o(.text) refers to startup_stm32f407xx.o(STACK) for Stack_Mem
    fatfs_sd.o(.text.SD_disk_initialize) refers to fatfs_sd.o(.data.Stat) for Stat
    fatfs_sd.o(.text.SD_disk_initialize) refers to fatfs_sd.o(.text.SD_PowerOn) for SD_PowerOn
    fatfs_sd.o(.text.SD_disk_initialize) refers to stm32f4xx_hal_gpio.o(.text.HAL_GPIO_WritePin) for HAL_GPIO_WritePin
    fatfs_sd.o(.text.SD_disk_initialize) refers to stm32f4xx_hal.o(.text.HAL_Delay) for HAL_Delay
    fatfs_sd.o(.text.SD_disk_initialize) refers to fatfs_sd.o(.text.SD_SendCmd) for SD_SendCmd
    fatfs_sd.o(.text.SD_disk_initialize) refers to fatfs_sd.o(.bss..L_MergedGlobals) for .L_MergedGlobals
    fatfs_sd.o(.text.SD_disk_initialize) refers to main.o(.bss.hspi1) for hspi1
    fatfs_sd.o(.text.SD_disk_initialize) refers to stm32f4xx_hal_spi.o(.text.HAL_SPI_TransmitReceive) for HAL_SPI_TransmitReceive
    fatfs_sd.o(.ARM.exidx.text.SD_disk_initialize) refers to fatfs_sd.o(.text.SD_disk_initialize) for [Anonymous Symbol]
    fatfs_sd.o(.text.SD_PowerOn) refers to stm32f4xx_hal_gpio.o(.text.HAL_GPIO_WritePin) for HAL_GPIO_WritePin
    fatfs_sd.o(.text.SD_PowerOn) refers to stm32f4xx_hal.o(.text.HAL_Delay) for HAL_Delay
    fatfs_sd.o(.text.SD_PowerOn) refers to main.o(.bss.hspi1) for hspi1
    fatfs_sd.o(.text.SD_PowerOn) refers to stm32f4xx_hal_spi.o(.text.HAL_SPI_Transmit) for HAL_SPI_Transmit
    fatfs_sd.o(.text.SD_PowerOn) refers to stm32f4xx_hal_spi.o(.text.HAL_SPI_TransmitReceive) for HAL_SPI_TransmitReceive
    fatfs_sd.o(.text.SD_PowerOn) refers to fatfs_sd.o(.bss..L_MergedGlobals) for .L_MergedGlobals
    fatfs_sd.o(.ARM.exidx.text.SD_PowerOn) refers to fatfs_sd.o(.text.SD_PowerOn) for [Anonymous Symbol]
    fatfs_sd.o(.text.SD_SendCmd) refers to fatfs_sd.o(.bss..L_MergedGlobals) for .L_MergedGlobals
    fatfs_sd.o(.text.SD_SendCmd) refers to main.o(.bss.hspi1) for hspi1
    fatfs_sd.o(.text.SD_SendCmd) refers to stm32f4xx_hal_spi.o(.text.HAL_SPI_TransmitReceive) for HAL_SPI_TransmitReceive
    fatfs_sd.o(.text.SD_SendCmd) refers to stm32f4xx_hal_spi.o(.text.HAL_SPI_Transmit) for HAL_SPI_Transmit
    fatfs_sd.o(.ARM.exidx.text.SD_SendCmd) refers to fatfs_sd.o(.text.SD_SendCmd) for [Anonymous Symbol]
    fatfs_sd.o(.text.SD_disk_status) refers to fatfs_sd.o(.data.Stat) for Stat
    fatfs_sd.o(.ARM.exidx.text.SD_disk_status) refers to fatfs_sd.o(.text.SD_disk_status) for [Anonymous Symbol]
    fatfs_sd.o(.text.SD_disk_read) refers to fatfs_sd.o(.data.Stat) for Stat
    fatfs_sd.o(.text.SD_disk_read) refers to fatfs_sd.o(.bss..L_MergedGlobals) for .L_MergedGlobals
    fatfs_sd.o(.text.SD_disk_read) refers to stm32f4xx_hal_gpio.o(.text.HAL_GPIO_WritePin) for HAL_GPIO_WritePin
    fatfs_sd.o(.text.SD_disk_read) refers to stm32f4xx_hal.o(.text.HAL_Delay) for HAL_Delay
[...]
    __rt_lib_shutdown_cpp_1                  0x08000245   Thumb Code     0  libshutdown2.o(.ARM.Collect$$libshutdown$$00000002)
    __rt_lib_shutdown_fp_trap_1              0x08000245   Thumb Code     0  libshutdown2.o(.ARM.Collect$$libshutdown$$00000007)
    __rt_lib_shutdown_heap_1                 0x08000245   Thumb Code     0  libshutdown2.o(.ARM.Collect$$libshutdown$$0000000F)
    __rt_lib_shutdown_return                 0x08000245   Thumb Code     0  libshutdown2.o(.ARM.Collect$$libshutdown$$00000010)
    __rt_lib_shutdown_signal_1               0x08000245   Thumb Code     0  libshutdown2.o(.ARM.Collect$$libshutdown$$0000000A)
    __rt_lib_shutdown_stdio_1                0x08000245   Thumb Code     0  libshutdown2.o(.ARM.Collect$$libshutdown$$00000004)
    __rt_lib_shutdown_user_alloc_1           0x08000245   Thumb Code     0  libshutdown2.o(.ARM.Collect$$libshutdown$$0000000C)
    __rt_entry                               0x08000247   Thumb Code     0  __rtentry.o(.ARM.Collect$$rtentry$$00000000)
    __rt_entry_presh_1                       0x08000247   Thumb Code     0  __rtentry2.o(.ARM.Collect$$rtentry$$00000002)
    __rt_entry_sh                            0x08000247   Thumb Code     0  __rtentry4.o(.ARM.Collect$$rtentry$$00000004)
    __rt_entry_li                            0x0800024d   Thumb Code     0  __rtentry2.o(.ARM.Collect$$rtentry$$0000000A)
    __rt_entry_postsh_1                      0x0800024d   Thumb Code     0  __rtentry2.o(.ARM.Collect$$rtentry$$00000009)
    __rt_entry_main                          0x08000251   Thumb Code     0  __rtentry2.o(.ARM.Collect$$rtentry$$0000000D)
    __rt_entry_postli_1                      0x08000251   Thumb Code     0  __rtentry2.o(.ARM.Collect$$rtentry$$0000000C)
    __rt_exit                                0x08000259   Thumb Code     0  rtexit.o(.ARM.Collect$$rtexit$$00000000)
    __rt_exit_ls                             0x0800025b   Thumb Code     0  rtexit2.o(.ARM.Collect$$rtexit$$00000003)
    __rt_exit_prels_1                        0x0800025b   Thumb Code     0  rtexit2.o(.ARM.Collect$$rtexit$$00000002)
    __rt_exit_exit                           0x0800025f   Thumb Code     0  rtexit2.o(.ARM.Collect$$rtexit$$00000004)
    Reset_Handler                            0x08000265   Thumb Code     8  startup_stm32f407xx.o(.text)
    ADC_IRQHandler                           0x0800027f   Thumb Code     0  startup_stm32f407xx.o(.text)
    CAN1_RX0_IRQHandler                      0x0800027f   Thumb Code     0  startup_stm32f407xx.o(.text)
    CAN1_RX1_IRQHandler                      0x0800027f   Thumb Code     0  startup_stm32f407xx.o(.text)
    CAN1_SCE_IRQHandler                      0x0800027f   Thumb Code     0  startup_stm32f407xx.o(.text)
    CAN1_TX_IRQHandler                       0x0800027f   Thumb Code     0  startup_stm32f407xx.o(.text)
    CAN2_RX0_IRQHandler                      0x0800027f   Thumb Code     0  startup_stm32f407xx.o(.text)
    CAN2_RX1_IRQHandler                      0x0800027f   Thumb Code     0  startup_stm32f407xx.o(.text)
    CAN2_SCE_IRQHandler                      0x0800027f   Thumb Code     0  startup_stm32f407xx.o(.text)
    CAN2_TX_IRQHandler                       0x0800027f   Thumb Code     0  startup_stm32f407xx.o(.text)
    DCMI_IRQHandler                          0x0800027f   Thumb Code     0  startup_stm32f407xx.o(.text)
    DMA1_Stream0_IRQHandler                  0x0800027f   Thumb Code     0  startup_stm32f407xx.o(.text)
    DMA1_Stream1_IRQHandler                  0x0800027f   Thumb Code     0  startup_stm32f407xx.o(.text)
    DMA1_Stream2_IRQHandler                  0x0800027f   Thumb Code     0  startup_stm32f407xx.o(.text)
    DMA1_Stream3_IRQHandler                  0x0800027f   Thumb Code     0  startup_stm32f407xx.o(.text)
    DMA1_Stream4_IRQHandler                  0x0800027f   Thumb Code     0  startup_stm32f407xx.o(.text)
    DMA1_Stream5_IRQHandler                  0x0800027f   Thumb Code     0  startup_stm32f407xx.o(.text)
    DMA1_Stream6_IRQHandler                  0x0800027f   Thumb Code     0  startup_stm32f407xx.o(.text)
    DMA1_Stream7_IRQHandler                  0x0800027f   Thumb Code     0  startup_stm32f407xx.o(.text)
    DMA2_Stream0_IRQHandler                  0x0800027f   Thumb Code     0  startup_stm32f407xx.o(.text)
    DMA2_Stream1_IRQHandler                  0x0800027f   Thumb Code     0  startup_stm32f407xx.o(.text)
    DMA2_Stream2_IRQHandler                  0x0800027f   Thumb Code     0  startup_stm32f407xx.o(.text)
    DMA2_Stream3_IRQHandler                  0x0800027f   Thumb Code     0  startup_stm32f407xx.o(.text)
    DMA2_Stream4_IRQHandler                  0x0800027f   Thumb Code     0  startup_stm32f407xx.o(.text)
    DMA2_Stream5_IRQHandler                  0x0800027f   Thumb Code     0  startup_stm32f407xx.o(.text)
    DMA2_Stream6_IRQHandler                  0x0800027f   Thumb Code     0  startup_stm32f407xx.o(.text)
    DMA2_Stream7_IRQHandler                  0x0800027f   Thumb Code     0  startup_stm32f407xx.o(.text)
    ETH_IRQHandler                           0x0800027f   Thumb Code     0  startup_stm32f407xx.o(.text)
    ETH_WKUP_IRQHandler                      0x0800027f   Thumb Code     0  startup_stm32f407xx.o(.text)
    EXTI15_10_IRQHandler                     0x0800027f   Thumb Code     0  startup_stm32f407xx.o(.text)
    EXTI1_IRQHandler                         0x0800027f   Thumb Code     0  startup_stm32f407xx.o(.text)
    EXTI2_IRQHandler                         0x0800027f   Thumb Code     0  startup_stm32f407xx.o(.text)
    EXTI3_IRQHandler                         0x0800027f   Thumb Code     0  startup_stm32f407xx.o(.text)
    EXTI4_IRQHandler                         0x0800027f   Thumb Code     0  startup_stm32f407xx.o(.text)
    EXTI9_5_IRQHandler                       0x0800027f   Thumb Code     0  startup_stm32f407xx.o(.text)
    FLASH_IRQHandler                         0x0800027f   Thumb Code     0  startup_stm32f407xx.o(.text)
    FMC_IRQHandler                           0x0800027f   Thumb Code     0  startup_stm32f407xx.o(.text)
    FPU_IRQHandler                           0x0800027f   Thumb Code     0  startup_stm32f407xx.o(.text)
    HASH_RNG_IRQHandler                      0x0800027f   Thumb Code     0  startup_stm32f407xx.o(.text)
    I2C1_ER_IRQHandler                       0x0800027f   Thumb Code     0  startup_stm32f407xx.o(.text)
    I2C1_EV_IRQHandler                       0x0800027f   Thumb Code     0  startup_stm32f407xx.o(.text)
    I2C2_ER_IRQHandler                       0x0800027f   Thumb Code     0  startup_stm32f407xx.o(.text)
    I2C2_EV_IRQHandler                       0x0800027f   Thumb Code     0  startup_stm32f407xx.o(.text)
    I2C3_ER_IRQHandler                       0x0800027f   Thumb Code     0  startup_stm32f407xx.o(.text)
    I2C3_EV_IRQHandler                       0x0800027f   Thumb Code     0  startup_stm32f407xx.o(.text)
    OTG_FS_IRQHandler                        0x0800027f   Thumb Code     0  startup_stm32f407xx.o(.text)
    OTG_FS_WKUP_IRQHandler                   0x0800027f   Thumb Code     0  startup_stm32f407xx.o(.text)
    OTG_HS_EP1_IN_IRQHandler                 0x0800027f   Thumb Code     0  startup_stm32f407xx.o(.text)
    OTG_HS_EP1_OUT_IRQHandler                0x0800027f   Thumb Code     0  startup_stm32f407xx.o(.text)
    OTG_HS_IRQHandler                        0x0800027f   Thumb Code     0  startup_stm32f407xx.o(.text)
    OTG_HS_WKUP_IRQHandler                   0x0800027f   Thumb Code     0  startup_stm32f407xx.o(.text)
    PVD_IRQHandler                           0x0800027f   Thumb Code     0  startup_stm32f407xx.o(.text)
    RCC_IRQHandler                           0x0800027f   Thumb Code     0  startup_stm32f407xx.o(.text)
    RTC_Alarm_IRQHandler                     0x0800027f   Thumb Code     0  startup_stm32f407xx.o(.text)
    RTC_WKUP_IRQHandler                      0x0800027f   Thumb Code     0  startup_stm32f407xx.o(.text)
    SDIO_IRQHandler                          0x0800027f   Thumb Code     0  startup_stm32f407xx.o(.text)
    SPI1_IRQHandler                          0x0800027f   Thumb Code     0  startup_stm32f407xx.o(.text)
    SPI2_IRQHandler                          0x0800027f   Thumb Code     0  startup_stm32f407xx.o(.text)
    SPI3_IRQHandler                          0x0800027f   Thumb Code     0  startup_stm32f407xx.o(.text)
    TAMP_STAMP_IRQHandler                    0x0800027f   Thumb Code     0  startup_stm32f407xx.o(.text)
    TIM1_BRK_TIM9_IRQHandler                 0x0800027f   Thumb Code     0  startup_stm32f407xx.o(.text)
    TIM1_CC_IRQHandler                       0x0800027f   Thumb Code     0  startup_stm32f407xx.o(.text)
    TIM1_TRG_COM_TIM11_IRQHandler            0x0800027f   Thumb Code     0  startup_stm32f407xx.o(.text)
    TIM1_UP_TIM10_IRQHandler                 0x0800027f   Thumb Code     0  startup_stm32f407xx.o(.text)
    TIM2_IRQHandler                          0x0800027f   Thumb Code     0  startup_stm32f407xx.o(.text)
    TIM3_IRQHandler                          0x0800027f   Thumb Code     0  startup_stm32f407xx.o(.text)
    TIM4_IRQHandler                          0x0800027f   Thumb Code     0  startup_stm32f407xx.o(.text)
    TIM5_IRQHandler                          0x0800027f   Thumb Code     0  startup_stm32f407xx.o(.text)
    TIM6_DAC_IRQHandler                      0x0800027f   Thumb Code     0  startup_stm32f407xx.o(.text)
    TIM7_IRQHandler                          0x0800027f   Thumb Code     0  startup_stm32f407xx.o(.text)
    TIM8_BRK_TIM12_IRQHandler                0x0800027f   Thumb Code     0  startup_stm32f407xx.o(.text)
    TIM8_CC_IRQHandler                       0x0800027f   Thumb Code     0  startup_stm32f407xx.o(.text)
    TIM8_TRG_COM_TIM14_IRQHandler            0x0800027f   Thumb Code     0  startup_stm32f407xx.o(.text)
    TIM8_UP_TIM13_IRQHandler                 0x0800027f   Thumb Code     0  startup_stm32f407xx.o(.text)
    UART5_IRQHandler                         0x0800027f   Thumb Code     0  startup_stm32f407xx.o(.text)
    USART1_IRQHandler                        0x0800027f   Thumb Code     0  startup_stm32f407xx.o(.text)
    USART2_IRQHandler                        0x0800027f   Thumb Code     0  startup_stm32f407xx.o(.text)
    USART3_IRQHandler                        0x0800027f   Thumb Code     0  startup_stm32f407xx.o(.text)
    USART6_IRQHandler                        0x0800027f   Thumb Code     0  startup_stm32f407xx.o(.text)
    WWDG_IRQHandler                          0x0800027f   Thumb Code     0  startup_stm32f407xx.o(.text)
    __user_initial_stackheap                 0x08000281   Thumb Code     0  startup_stm32f407xx.o(.text)
    __aeabi_uldivmod                         0x080002a5   Thumb Code     0  lludivv7m.o(.text)
    _ll_udiv                                 0x080002a5   Thumb Code   240  lludivv7m.o(.text)
    __2sprintf                               0x08000395   Thumb Code    34  noretval__2sprintf.o(.text)
    _printf_pre_padding                      0x080003bd   Thumb Code    44  _printf_pad.o(.text)
    _printf_post_padding                     0x080003e9   Thumb Code    34  _printf_pad.o(.text)
    _printf_str                              0x0800040b   Thumb Code    82  _printf_str.o(.text)
    _printf_int_dec                          0x0800045d   Thumb Code   104  _printf_dec.o(.text)
    _printf_int_hex                          0x080004d5   Thumb Code    84  _printf_hex_int.o(.text)
    _printf_longlong_hex                     0x080004d5   Thumb Code     0  _printf_hex_int.o(.text)
    __printf                                 0x0800052d   Thumb Code   388  __printf_flags_ss_wp.o(.text)
    atoi                                     0x080006b5   Thumb Code    26  atoi.o(.text)
    strcpy                                   0x080006cf   Thumb Code    72  strcpy.o(.text)
    strlen                                   0x08000717   Thumb Code    62  strlen.o(.text)
    __aeabi_memcpy4                          0x08000755   Thumb Code     0  rt_memcpy_w.o(.text)
    __aeabi_memcpy8                          0x08000755   Thumb Code     0  rt_memcpy_w.o(.text)
    __rt_memcpy_w                            0x08000755   Thumb Code   100  rt_memcpy_w.o(.text)
    _memcpy_lastbytes_aligned                0x0800079d   Thumb Code     0  rt_memcpy_w.o(.text)
    __aeabi_memclr                           0x080007b9   Thumb Code     0  rt_memclr.o(.text)
    __rt_memclr                              0x080007b9   Thumb Code     0  rt_memclr.o(.text)
    _memset                                  0x080007bd   Thumb Code    64  rt_memclr.o(.text)
    __aeabi_memclr4                          0x080007fd   Thumb Code     0  rt_memclr_w.o(.text)
    __aeabi_memclr8                          0x080007fd   Thumb Code     0  rt_memclr_w.o(.text)
    __rt_memclr_w                            0x080007fd   Thumb Code     0  rt_memclr_w.o(.text)
    _memset_w                                0x08000801   Thumb Code    74  rt_memclr_w.o(.text)
    __use_two_region_memory                  0x0800084b   Thumb Code     2  heapauxi.o(.text)
    __rt_heap_escrow$2region                 0x0800084d   Thumb Code     2  heapauxi.o(.text)
    __rt_heap_expand$2region                 0x0800084f   Thumb Code     2  heapauxi.o(.text)
    __aeabi_errno_addr                       0x08000851   Thumb Code     8  rt_errno_addr_intlibspace.o(.text)
    __errno$intlibspace                      0x08000851   Thumb Code     0  rt_errno_addr_intlibspace.o(.text)
    __rt_errno_addr$intlibspace              0x08000851   Thumb Code     0  rt_errno_addr_intlibspace.o(.text)
    __read_errno                             0x08000859   Thumb Code    10  _rserrno.o(.text)
    __set_errno                              0x08000863   Thumb Code    12  _rserrno.o(.text)
    _printf_int_common                       0x0800086f   Thumb Code   178  _printf_intcommon.o(.text)
    _printf_fp_dec_real                      0x08000ad1   Thumb Code   620  _printf_fp_dec.o(.text)
    _printf_char_common                      0x08000d47   Thumb Code    32  _printf_char_common.o(.text)
    _sputc                                   0x08000d6d   Thumb Code    10  _sputc.o(.text)
    _printf_cs_common                        0x08000d77   Thumb Code    20  _printf_char.o(.text)
    _printf_char                             0x08000d8b   Thumb Code    16  _printf_char.o(.text)
    _printf_string                           0x08000d9b   Thumb Code     8  _printf_char.o(.text)
    __strtod_int                             0x08000de9   Thumb Code    94  strtod.o(.text)
    strtol                                   0x08000e55   Thumb Code   112  strtol.o(.text)
    __user_libspace                          0x08000ec5   Thumb Code     8  libspace.o(.text)
    __user_perproc_libspace                  0x08000ec5   Thumb Code     0  libspace.o(.text)
    __user_perthread_libspace                0x08000ec5   Thumb Code     0  libspace.o(.text)
    __rt_ctype_table                         0x08000ecd   Thumb Code    16  rt_ctype_table.o(.text)
    __rt_locale                              0x08000edd   Thumb Code     8  rt_locale_intlibspace.o(.text)
    _ll_udiv10                               0x08000ee5   Thumb Code   138  lludiv10.o(.text)
    isspace                                  0x08000f6f   Thumb Code    18  isspace.o(.text)
    _printf_fp_infnan                        0x08000f81   Thumb Code   112  _printf_fp_infnan.o(.text)
    _sgetc                                   0x08001001   Thumb Code    30  _sgetc.o(.text)
    _sbackspace                              0x0800101f   Thumb Code    34  _sgetc.o(.text)
    _strtoul                                 0x08001041   Thumb Code   158  _strtoul.o(.text)
    _btod_etento                             0x080010e1   Thumb Code   224  bigflt0.o(.text)
    __user_setup_stackheap                   0x080011c5   Thumb Code    74  sys_stackheap_outer.o(.text)
    _chval                                   0x0800120f   Thumb Code    28  _chval.o(.text)
    _scanf_really_real                       0x08001479   Thumb Code   684  scanf_fp.o(.text)
    exit                                     0x08001725   Thumb Code    18  exit.o(.text)
    strcmp                                   0x08001739   Thumb Code   124  strcmpv7em.o(.text)
    __aeabi_llsl                             0x080017b5   Thumb Code     0  llshl.o(.text)
    _ll_shift_l                              0x080017b5   Thumb Code    38  llshl.o(.text)
    _sys_exit                                0x080017dd   Thumb Code     8  sys_exit.o(.text)
    _scanf_really_hex_real                   0x080017e9   Thumb Code   786  scanf_hexfp.o(.text)
    _scanf_really_infnan                     0x08001b09   Thumb Code   292  scanf_infnan.o(.text)
    __I$use$semihosting                      0x08001c3d   Thumb Code     0  use_no_semi.o(.text)
    __use_no_semihosting_swi                 0x08001c3d   Thumb Code     2  use_no_semi.o(.text)
    __semihosting_library_function           0x08001c3f   Thumb Code     0  indicate_semi.o(.text)
    BusFault_Handler                         0x08001c41   Thumb Code     2  stm32f4xx_it.o(.text.BusFault_Handler)
    Check_CRC_Lan1                           0x08001c45   Thumb Code   688  main.o(.text.Check_CRC_Lan1)
    Check_Data_Pzem                          0x08001f01   Thumb Code   476  main.o(.text.Check_Data_Pzem)
    Check_Gia_Tri_Pzem                       0x080020e1   Thumb Code  1536  main.o(.text.Check_Gia_Tri_Pzem)
    Check_Time                               0x080026f5   Thumb Code   554  main.o(.text.Check_Time)
    DebugMon_Handler                         0x08002921   Thumb Code     2  stm32f4xx_it.o(.text.DebugMon_Handler)
    Doc_Du_Lieu_Eeproom                      0x08002925   Thumb Code  2644  main.o(.text.Doc_Du_Lieu_Eeproom)
    EXTI0_IRQHandler                         0x080033fd   Thumb Code     6  stm32f4xx_it.o(.text.EXTI0_IRQHandler)
    FATFS_LinkDriver                         0x08003405   Thumb Code    76  ff_gen_drv.o(.text.FATFS_LinkDriver)
    Get_Time                                 0x08003451   Thumb Code   266  main.o(.text.Get_Time)
    Gui_Lai_Lenh_Doc_Du_Lieu_Pzem            0x0800355d   Thumb Code   860  main.o(.text.Gui_Lai_Lenh_Doc_Du_Lieu_Pzem)
    HAL_DMA_Abort                            0x080038b9   Thumb Code   142  stm32f4xx_hal_dma.o(.text.HAL_DMA_Abort)
    HAL_DMA_Abort_IT                         0x08003949   Thumb Code    36  stm32f4xx_hal_dma.o(.text.HAL_DMA_Abort_IT)
    HAL_Delay                                0x0800396d   Thumb Code    40  stm32f4xx_hal.o(.text.HAL_Delay)
    HAL_GPIO_EXTI_Callback                   0x08003995   Thumb Code   136  main.o(.text.HAL_GPIO_EXTI_Callback)
    HAL_GPIO_EXTI_IRQHandler                 0x08003a31   Thumb Code    22  stm32f4xx_hal_gpio.o(.text.HAL_GPIO_EXTI_IRQHandler)
    HAL_GPIO_Init                            0x08003a49   Thumb Code   422  stm32f4xx_hal_gpio.o(.text.HAL_GPIO_Init)
    HAL_GPIO_WritePin                        0x08003bf1   Thumb Code    10  stm32f4xx_hal_gpio.o(.text.HAL_GPIO_WritePin)
    HAL_GetTick                              0x08003bfd   Thumb Code    12  stm32f4xx_hal.o(.text.HAL_GetTick)
    HAL_I2C_Init                             0x08003c09   Thumb Code   374  stm32f4xx_hal_i2c.o(.text.HAL_I2C_Init)
    HAL_I2C_Mem_Read                         0x08003d81   Thumb Code   878  stm32f4xx_hal_i2c.o(.text.HAL_I2C_Mem_Read)
    HAL_I2C_Mem_Write                        0x080040f1   Thumb Code   474  stm32f4xx_hal_i2c.o(.text.HAL_I2C_Mem_Write)
    HAL_I2C_MspInit                          0x080042cd   Thumb Code   214  stm32f4xx_hal_msp.o(.text.HAL_I2C_MspInit)
    HAL_IncTick                              0x080043a5   Thumb Code    26  stm32f4xx_hal.o(.text.HAL_IncTick)
    HAL_Init                                 0x080043c1   Thumb Code    54  stm32f4xx_hal.o(.text.HAL_Init)
    HAL_InitTick                             0x080043f9   Thumb Code    72  stm32f4xx_hal.o(.text.HAL_InitTick)
    HAL_MspInit                              0x08004441   Thumb Code    56  stm32f4xx_hal_msp.o(.text.HAL_MspInit)
    HAL_NVIC_EnableIRQ                       0x08004479   Thumb Code    38  stm32f4xx_hal_cortex.o(.text.HAL_NVIC_EnableIRQ)
    HAL_NVIC_SetPriority                     0x080044a1   Thumb Code    86  stm32f4xx_hal_cortex.o(.text.HAL_NVIC_SetPriority)
    HAL_NVIC_SetPriorityGrouping             0x080044f9   Thumb Code    32  stm32f4xx_hal_cortex.o(.text.HAL_NVIC_SetPriorityGrouping)
    HAL_RCC_ClockConfig                      0x08004519   Thumb Code   352  stm32f4xx_hal_rcc.o(.text.HAL_RCC_ClockConfig)
    HAL_RCC_GetPCLK1Freq                     0x08004679   Thumb Code    38  stm32f4xx_hal_rcc.o(.text.HAL_RCC_GetPCLK1Freq)
    HAL_RCC_GetPCLK2Freq                     0x080046a1   Thumb Code    38  stm32f4xx_hal_rcc.o(.text.HAL_RCC_GetPCLK2Freq)
    HAL_RCC_GetSysClockFreq                  0x080046c9   Thumb Code   108  stm32f4xx_hal_rcc.o(.text.HAL_RCC_GetSysClockFreq)
    HAL_RCC_OscConfig                        0x08004735   Thumb Code   884  stm32f4xx_hal_rcc.o(.text.HAL_RCC_OscConfig)
    HAL_SPI_Init                             0x08004aa9   Thumb Code   180  stm32f4xx_hal_spi.o(.text.HAL_SPI_Init)
    HAL_SPI_MspInit                          0x08004b5d   Thumb Code   106  stm32f4xx_hal_msp.o(.text.HAL_SPI_MspInit)
    HAL_SPI_Transmit                         0x08004bc9   Thumb Code   594  stm32f4xx_hal_spi.o(.text.HAL_SPI_Transmit)
    HAL_SPI_TransmitReceive                  0x08004e1d   Thumb Code   792  stm32f4xx_hal_spi.o(.text.HAL_SPI_TransmitReceive)
    HAL_SYSTICK_Config                       0x08005135   Thumb Code    44  stm32f4xx_hal_cortex.o(.text.HAL_SYSTICK_Config)
    HAL_UARTEx_RxEventCallback               0x08005161   Thumb Code     2  stm32f4xx_hal_uart.o(.text.HAL_UARTEx_RxEventCallback)
    HAL_UART_ErrorCallback                   0x08005165   Thumb Code     2  stm32f4xx_hal_uart.o(.text.HAL_UART_ErrorCallback)
    HAL_UART_IRQHandler                      0x08005169   Thumb Code  1380  stm32f4xx_hal_uart.o(.text.HAL_UART_IRQHandler)
    HAL_UART_Init                            0x080056cd   Thumb Code    94  stm32f4xx_hal_uart.o(.text.HAL_UART_Init)
    HAL_UART_MspInit                         0x0800572d   Thumb Code   442  stm32f4xx_hal_msp.o(.text.HAL_UART_MspInit)
    HAL_UART_Receive                         0x080058e9   Thumb Code   442  stm32f4xx_hal_uart.o(.text.HAL_UART_Receive)
    HAL_UART_RxCpltCallback                  0x08005aa5   Thumb Code     2  stm32f4xx_hal_uart.o(.text.HAL_UART_RxCpltCallback)
    HAL_UART_Transmit                        0x08005aa9   Thumb Code   646  stm32f4xx_hal_uart.o(.text.HAL_UART_Transmit)
    HAL_UART_TxCpltCallback                  0x08005d31   Thumb Code     2  stm32f4xx_hal_uart.o(.text.HAL_UART_TxCpltCallback)
    HardFault_Handler                        0x08005d35   Thumb Code     2  stm32f4xx_it.o(.text.HardFault_Handler)
    MX_FATFS_Init                            0x0800657d   Thumb Code    28  fatfs.o(.text.MX_FATFS_Init)
    MemManage_Handler                        0x08006599   Thumb Code     2  stm32f4xx_it.o(.text.MemManage_Handler)
    NMI_Handler                              0x0800659d   Thumb Code     2  stm32f4xx_it.o(.text.NMI_Handler)
    PendSV_Handler                           0x080065a1   Thumb Code     2  stm32f4xx_it.o(.text.PendSV_Handler)
    Reset_Pzem                               0x080065a5   Thumb Code   560  main.o(.text.Reset_Pzem)
    SD_disk_initialize                       0x0800713d   Thumb Code   880  fatfs_sd.o(.text.SD_disk_initialize)
    SD_disk_ioctl                            0x080074ad   Thumb Code   762  fatfs_sd.o(.text.SD_disk_ioctl)
    SD_disk_read                             0x080077a9   Thumb Code   270  fatfs_sd.o(.text.SD_disk_read)
    SD_disk_status                           0x080078b9   Thumb Code    20  fatfs_sd.o(.text.SD_disk_status)
    SD_disk_write                            0x080078cd   Thumb Code   440  fatfs_sd.o(.text.SD_disk_write)
    SVC_Handler                              0x08007b69   Thumb Code     2  stm32f4xx_it.o(.text.SVC_Handler)
    SysTick_Handler                          0x08007b6d   Thumb Code    40  stm32f4xx_it.o(.text.SysTick_Handler)
    SystemClock_Config                       0x08007b95   Thumb Code   176  main.o(.text.SystemClock_Config)
    SystemInit                               0x08007c45   Thumb Code    18  system_stm32f4xx.o(.text.SystemInit)
    UART4_IRQHandler                         0x08007c59   Thumb Code    12  stm32f4xx_it.o(.text.UART4_IRQHandler)
    USER_initialize                          0x08007e61   Thumb Code     4  user_diskio.o(.text.USER_initialize)
    USER_ioctl                               0x08007e65   Thumb Code     4  user_diskio.o(.text.USER_ioctl)
    USER_read                                0x08007e69   Thumb Code     4  user_diskio.o(.text.USER_read)
    USER_status                              0x08007e6d   Thumb Code     4  user_diskio.o(.text.USER_status)
    USER_write                               0x08007e71   Thumb Code     4  user_diskio.o(.text.USER_write)
    UsageFault_Handler                       0x08007e75   Thumb Code     2  stm32f4xx_it.o(.text.UsageFault_Handler)
    Write_Current_Energy_To_Eeproom          0x08007e79   Thumb Code   400  main.o(.text.Write_Current_Energy_To_Eeproom)
    Write_Current_Month_To_Eeproom           0x08008075   Thumb Code   352  main.o(.text.Write_Current_Month_To_Eeproom)
    Write_Current_Year_To_Eeproom            0x08008205   Thumb Code   352  main.o(.text.Write_Current_Year_To_Eeproom)
    Write_Data_To_Sdcard                     0x08008395   Thumb Code   688  main.o(.text.Write_Data_To_Sdcard)
    Write_Dien_Nang_Tieu_Thu_Trong_Ngay_Hom_Nay_To_Eeproom 0x08008679   Thumb Code   342  main.o(.text.Write_Dien_Nang_Tieu_Thu_Trong_Ngay_Hom_Nay_To_Eeproom)
    Write_Dien_Nang_Tieu_Thu_Trong_Ngay_Hom_Truoc_To_Eeproom 0x080087d1   Thumb Code   334  main.o(.text.Write_Dien_Nang_Tieu_Thu_Trong_Ngay_Hom_Truoc_To_Eeproom)
    Write_Previous_Date_To_Eeproom_2         0x08008921   Thumb Code   352  main.o(.text.Write_Previous_Date_To_Eeproom_2)
    Write_Previous_Month_Energy_To_Eeproom   0x08008ab1   Thumb Code   340  main.o(.text.Write_Previous_Month_Energy_To_Eeproom)
    Write_Previous_Month_To_Eeproom          0x08008c3d   Thumb Code   352  main.o(.text.Write_Previous_Month_To_Eeproom)
    Write_Previous_Year_To_Eeproom           0x08008dd1   Thumb Code   352  main.o(.text.Write_Previous_Year_To_Eeproom)
    Write_Thoi_Diem_Chot_Dien_Nang_Tieu_Thu_Trong_Ngay_Hom_Qua 0x08008f61   Thumb Code   320  main.o(.text.Write_Thoi_Diem_Chot_Dien_Nang_Tieu_Thu_Trong_Ngay_Hom_Qua)
    Write_Today_To_Eeproom_2                 0x080090a1   Thumb Code   384  main.o(.text.Write_Today_To_Eeproom_2)
    Write_Tong_Dien_Nang_Tieu_Thu_Thang_Nay_Do_Vao_Ngay_Hom_Truoc_To_Eeproom 0x08009291   Thumb Code   334  main.o(.text.Write_Tong_Dien_Nang_Tieu_Thu_Thang_Nay_Do_Vao_Ngay_Hom_Truoc_To_Eeproom)
    disk_initialize                          0x0800a43d   Thumb Code    36  diskio.o(.text.disk_initialize)
    disk_ioctl                               0x0800a461   Thumb Code    22  diskio.o(.text.disk_ioctl)
    disk_read                                0x0800a479   Thumb Code    32  diskio.o(.text.disk_read)
    disk_status                              0x0800a499   Thumb Code    22  diskio.o(.text.disk_status)
    disk_write                               0x0800a4b1   Thumb Code    32  diskio.o(.text.disk_write)
    f_close                                  0x0800a4d1   Thumb Code   104  ff.o(.text.f_close)
    f_getfree                                0x0800a539   Thumb Code   264  ff.o(.text.f_getfree)
    f_gets                                   0x0800a641   Thumb Code   112  ff.o(.text.f_gets)
    f_lseek                                  0x0800a6b1   Thumb Code   838  ff.o(.text.f_lseek)
    f_mount                                  0x0800a9f9   Thumb Code   268  ff.o(.text.f_mount)
    f_open                                   0x0800ab05   Thumb Code   972  ff.o(.text.f_open)
    f_read                                   0x0800aed1   Thumb Code   820  ff.o(.text.f_read)
    f_sync                                   0x0800b205   Thumb Code   190  ff.o(.text.f_sync)
    f_write                                  0x0800b2c5   Thumb Code   826  ff.o(.text.f_write)
    ff_convert                               0x0800b601   Thumb Code   306  ccsbcs.o(.text.ff_convert)
    ff_wtoupper                              0x0800b735   Thumb Code   208  ccsbcs.o(.text.ff_wtoupper)
    get_fattime                              0x0800c495   Thumb Code     4  fatfs.o(.text.get_fattime)
    main                                     0x0800c499   Thumb Code  3320  main.o(.text.main)
    _btod_d2e                                0x0800d4ef   Thumb Code    62  btod.o(CL$$btod_d2e)
    _d2e_denorm_low                          0x0800d52d   Thumb Code    70  btod.o(CL$$btod_d2e_denorm_low)
    _d2e_norm_op1                            0x0800d573   Thumb Code    96  btod.o(CL$$btod_d2e_norm_op1)
    __btod_div_common                        0x0800d5d5   Thumb Code   696  btod.o(CL$$btod_div_common)
    _e2d                                     0x0800d90d   Thumb Code   122  btod.o(CL$$btod_e2d)
    _e2e                                     0x0800d991   Thumb Code   220  btod.o(CL$$btod_e2e)
    _btod_ediv                               0x0800da6d   Thumb Code    42  btod.o(CL$$btod_ediv)
    _btod_edivd                              0x0800da97   Thumb Code    42  btod.o(CL$$btod_edivd)
    _btod_emul                               0x0800dac1   Thumb Code    42  btod.o(CL$$btod_emul)
    _btod_emuld                              0x0800daeb   Thumb Code    42  btod.o(CL$$btod_emuld)
    __btod_mult_common                       0x0800db15   Thumb Code   580  btod.o(CL$$btod_mult_common)
    __ARM_fpclassify                         0x0800dd59   Thumb Code    48  fpclassify.o(i.__ARM_fpclassify)
    __hardfp___mathlib_tofloat               0x0800dd89   Thumb Code   232  narrow.o(i.__hardfp___mathlib_tofloat)
    __hardfp_atof                            0x0800de81   Thumb Code    46  atof.o(i.__hardfp_atof)
    __hardfp_ldexp                           0x0800deb9   Thumb Code   200  ldexp.o(i.__hardfp_ldexp)
    __mathlib_dbl_overflow                   0x0800df89   Thumb Code    24  dunder.o(i.__mathlib_dbl_overflow)
    __mathlib_dbl_underflow                  0x0800dfa9   Thumb Code    24  dunder.o(i.__mathlib_dbl_underflow)
    __mathlib_narrow                         0x0800dfc9   Thumb Code    18  narrow.o(i.__mathlib_narrow)
    __support_ldexp                          0x0800dfdb   Thumb Code    20  ldexp.o(i.__support_ldexp)
    _is_digit                                0x0800dfef   Thumb Code    14  __printf_wp.o(i._is_digit)
    frexp                                    0x0800e001   Thumb Code   118  frexp.o(i.frexp)
    _get_lc_numeric                          0x0800e08d   Thumb Code    44  lc_numeric_c.o(locale$$code)
    _get_lc_ctype                            0x0800e0b9   Thumb Code    44  lc_ctype_c.o(locale$$code)
    __aeabi_d2f                              0x0800e0e5   Thumb Code     0  d2f.o(x$fpl$d2f)
    _d2f                                     0x0800e0e5   Thumb Code    98  d2f.o(x$fpl$d2f)
    __fpl_dcheck_NaN1                        0x0800e149   Thumb Code    10  dcheck1.o(x$fpl$dcheck1)
    __fpl_dcmp_Inf                           0x0800e159   Thumb Code    24  dcmpi.o(x$fpl$dcmpinf)
    __aeabi_ddiv                             0x0800e171   Thumb Code     0  ddiv.o(x$fpl$ddiv)
    _ddiv                                    0x0800e171   Thumb Code   556  ddiv.o(x$fpl$ddiv)
    __aeabi_cdcmpeq                          0x0800e425   Thumb Code     0  deqf.o(x$fpl$deqf)
    _dcmpeq                                  0x0800e425   Thumb Code   120  deqf.o(x$fpl$deqf)
    __aeabi_d2uiz                            0x0800e49d   Thumb Code     0  dfixu.o(x$fpl$dfixu)
    _dfixu                                   0x0800e49d   Thumb Code    90  dfixu.o(x$fpl$dfixu)
    __aeabi_ui2d                             0x0800e4f7   Thumb Code     0  dflt_clz.o(x$fpl$dfltu)
    _dfltu                                   0x0800e4f7   Thumb Code    38  dflt_clz.o(x$fpl$dfltu)
    __aeabi_cdcmple                          0x0800e51d   Thumb Code     0  dleqf.o(x$fpl$dleqf)
    _dcmple                                  0x0800e51d   Thumb Code   120  dleqf.o(x$fpl$dleqf)
    __fpl_dcmple_InfNaN                      0x0800e57f   Thumb Code     0  dleqf.o(x$fpl$dleqf)
    __aeabi_dmul                             0x0800e595   Thumb Code     0  dmul.o(x$fpl$dmul)
    _dmul                                    0x0800e595   Thumb Code   332  dmul.o(x$fpl$dmul)
    __fpl_dnaninf                            0x0800e6e9   Thumb Code   156  dnaninf.o(x$fpl$dnaninf)
    __fpl_dretinf                            0x0800e785   Thumb Code    12  dretinf.o(x$fpl$dretinf)
    __aeabi_cdrcmple                         0x0800e791   Thumb Code     0  drleqf.o(x$fpl$drleqf)
    _drcmple                                 0x0800e791   Thumb Code   108  drleqf.o(x$fpl$drleqf)
    __aeabi_f2d                              0x0800e7fd   Thumb Code     0  f2d.o(x$fpl$f2d)
    _f2d                                     0x0800e7fd   Thumb Code    86  f2d.o(x$fpl$f2d)
    __fpl_fnaninf                            0x0800e853   Thumb Code   140  fnaninf.o(x$fpl$fnaninf)
    _fp_init                                 0x0800e8df   Thumb Code    26  fpinit.o(x$fpl$fpinit)
    __fplib_config_fpu_vfp                   0x0800e8f7   Thumb Code     0  fpinit.o(x$fpl$fpinit)
    __fplib_config_pureend_doubles           0x0800e8f7   Thumb Code     0  fpinit.o(x$fpl$fpinit)
    __fpl_fretinf                            0x0800e8f9   Thumb Code    10  fretinf.o(x$fpl$fretinf)
    __ieee_status                            0x0800e903   Thumb Code     6  istatus.o(x$fpl$ieeestatus)
    _printf_fp_dec                           0x0800e909   Thumb Code     4  printf1.o(x$fpl$printf1)
    __fpl_return_NaN                         0x0800e90d   Thumb Code   100  retnan.o(x$fpl$retnan)
    __ARM_scalbn                             0x0800e971   Thumb Code    92  scalbn.o(x$fpl$scalbn)
    _scanf_real                              0x0800e9cd   Thumb Code     4  scanf1.o(x$fpl$scanf1)
    _scanf_hex_real                          0x0800e9d1   Thumb Code     4  scanf2.o(x$fpl$scanf2)
    _scanf_infnan                            0x0800e9d5   Thumb Code     4  scanf2.o(x$fpl$scanf2)
    __fpl_cmpreturn                          0x0800e9d9   Thumb Code    48  trapv.o(x$fpl$trapveneer)
    __I$use$fp                               0x0800ea08   Number         0  usenofp.o(x$fpl$usenofp)
    AHBPrescTable                            0x0800eaec   Data          16  system_stm32f4xx.o(.rodata.AHBPrescTable)
    APBPrescTable                            0x0800eafc   Data           8  system_stm32f4xx.o(.rodata.APBPrescTable)
    Region$$Table$$Base                      0x08010f2c   Number         0  anon$$obj.o(Region$$Table)
    Region$$Table$$Limit                     0x08010f4c   Number         0  anon$$obj.o(Region$$Table)
    __aeabi_HUGE_VAL                         0x08010f4c   Data           0  fpconst.o(c$$dinf)
    __aeabi_HUGE_VALL                        0x08010f4c   Data           0  fpconst.o(c$$dinf)
    __aeabi_INFINITY                         0x08010f4c   Data           0  fpconst.o(c$$dinf)
    __dInf                                   0x08010f4c   Data           0  fpconst.o(c$$dinf)
    __huge_val                               0x08010f4c   Data           0  fpconst.o(c$$dinf)
    __dbl_max                                0x08010f54   Data           0  fpconst.o(c$$dmax)
    __ctype                                  0x08010f85   Data           0  lc_ctype_c.o(locale$$data)
    uwTickFreq                               0x20000000   Data           1  stm32f4xx_hal.o(.data..L_MergedGlobals)
    uwTickPrio                               0x20000004   Data           4  stm32f4xx_hal.o(.data..L_MergedGlobals)
    SystemCoreClock                          0x2000000c   Data           4  system_stm32f4xx.o(.data.SystemCoreClock)
    USER_Driver                              0x20000010   Data          20  user_diskio.o(.data.USER_Driver)
    buf                                      0x20000024   Data           8  main.o(.data.buf)
    rst_buf                                  0x2000002c   Data           4  main.o(.data.rst_buf)
    __libspace_start                         0x20000030   Data          96  libspace.o(.bss)
    __temporary_stack_top$libspace           0x20000090   Data           0  libspace.o(.bss)
    Timer1                                   0x20000092   Data           2  fatfs_sd.o(.bss..L_MergedGlobals)
    Timer2                                   0x20000094   Data           2  fatfs_sd.o(.bss..L_MergedGlobals)
    second                                   0x20000098   Data           1  main.o(.bss..L_MergedGlobals)
    minute                                   0x20000099   Data           1  main.o(.bss..L_MergedGlobals)
    hour                                     0x2000009a   Data           1  main.o(.bss..L_MergedGlobals)
    day                                      0x2000009b   Data           1  main.o(.bss..L_MergedGlobals)
    date                                     0x2000009c   Data           1  main.o(.bss..L_MergedGlobals)
    month                                    0x2000009d   Data           1  main.o(.bss..L_MergedGlobals)
    year                                     0x2000009e   Data           1  main.o(.bss..L_MergedGlobals)
    fresult                                  0x2000009f   Data           1  main.o(.bss..L_MergedGlobals)
    previous_date                            0x200000a0   Data           1  main.o(.bss..L_MergedGlobals)
    today                                    0x200000a1   Data           1  main.o(.bss..L_MergedGlobals)
    previous_month                           0x200000a2   Data           1  main.o(.bss..L_MergedGlobals)
    current_month                            0x200000a3   Data           1  main.o(.bss..L_MergedGlobals)
    current_year                             0x200000a4   Data           1  main.o(.bss..L_MergedGlobals)
    previous_year                            0x200000a5   Data           1  main.o(.bss..L_MergedGlobals)
    voltage                                  0x200000a8   Data           4  main.o(.bss..L_MergedGlobals)
    current                                  0x200000ac   Data           4  main.o(.bss..L_MergedGlobals)
    power                                    0x200000b0   Data           4  main.o(.bss..L_MergedGlobals)
    energy                                   0x200000b4   Data           4  main.o(.bss..L_MergedGlobals)
    power_factor                             0x200000b8   Data           4  main.o(.bss..L_MergedGlobals)
    current_energy                           0x200000bc   Data           4  main.o(.bss..L_MergedGlobals)
    previous_month_energy                    0x200000c0   Data           4  main.o(.bss..L_MergedGlobals)
    tong_dien_nang_tieu_thu_thang_nay_do_vao_ngay_hom_truoc 0x200000c4   Data           4  main.o(.bss..L_MergedGlobals)
    dien_nang_tieu_thu_trong_ngay_hom_nay    0x200000c8   Data           4  main.o(.bss..L_MergedGlobals)
    dien_nang_tieu_thu_trong_ngay_hom_truoc  0x200000cc   Data           4  main.o(.bss..L_MergedGlobals)
    bw                                       0x200000d0   Data           4  main.o(.bss..L_MergedGlobals)
    fre_clust                                0x200000d4   Data           4  main.o(.bss..L_MergedGlobals)
    pfs                                      0x200000d8   Data           4  main.o(.bss..L_MergedGlobals)
    total                                    0x200000dc   Data           4  main.o(.bss..L_MergedGlobals)
    free_space                               0x200000e0   Data           4  main.o(.bss..L_MergedGlobals)
    thoi_diem_chot_dien_nang_tieu_thu_trong_ngay_hom_qua 0x200000e4   Data           7  main.o(.bss..L_MergedGlobals)
    send_data_i2c                            0x200000eb   Data           7  main.o(.bss..L_MergedGlobals)
    receive_data_i2c                         0x200000f2   Data           7  main.o(.bss..L_MergedGlobals)
    buffer_doc_tat_ca_du_lieu_eeproom        0x200000f9   Data          20  main.o(.bss..L_MergedGlobals)
    retUSER                                  0x2000010d   Data           1  fatfs.o(.bss..L_MergedGlobals)
    USERPath                                 0x2000010e   Data           4  fatfs.o(.bss..L_MergedGlobals)
    res_buf                                  0x2000013c   Data          25  main.o(.bss..L_MergedGlobals.137)
    currentValues                            0x20000158   Data          28  main.o(.bss..L_MergedGlobals.137)
    buffer_doc_tat_ca_du_lieu_sdcard         0x20000174   Data          60  main.o(.bss..L_MergedGlobals.137)
    buffer                                   0x200003b0   Data        1024  main.o(.bss.buffer)
    data_buffer_print                        0x200007b0   Data         170  main.o(.bss.data_buffer_print)
    data_buffer_print_energy_and_current_energy 0x2000085c   Data          70  main.o(.bss.data_buffer_print_energy_and_current_energy)
    data_buffer_to_sdcard                    0x200008a4   Data         170  main.o(.bss.data_buffer_to_sdcard)
    disk                                     0x20000950   Data          12  ff_gen_drv.o(.bss.disk)
    do_dai_du_lieu_gui_toi_lora              0x2000095c   Data         170  main.o(.bss.do_dai_du_lieu_gui_toi_lora)
    du_lieu_gui_toi_lora                     0x20000a08   Data         170  main.o(.bss.du_lieu_gui_toi_lora)
    fil                                      0x20000ab4   Data        4144  main.o(.bss.fil)
    fs                                       0x20001ae4   Data        4152  main.o(.bss.fs)
    hi2c1                                    0x20002b1c   Data          84  main.o(.bss.hi2c1)
    hi2c2                                    0x20002b70   Data          84  main.o(.bss.hi2c2)
    hspi1                                    0x20002bc4   Data          88  main.o(.bss.hspi1)
    huart2                                   0x20002c1c   Data          68  main.o(.bss.huart2)
    huart4                                   0x20002c60   Data          68  main.o(.bss.huart4)
    huart5                                   0x20002ca4   Data          68  main.o(.bss.huart5)
    ket_qua_fresult                          0x20002ce8   Data         100  main.o(.bss.ket_qua_fresult)
    uwTick                                   0x20002d4c   Data           4  stm32f4xx_hal.o(.bss.uwTick)



==============================================================================

Memory Map of the image

  Image Entry point : 0x08000189

  Load Region LR_IROM1 (Base: 0x08000000, Size: 0x000110b8, Max: 0x00100000, ABSOLUTE)

    Execution Region ER_IROM1 (Exec base: 0x08000000, Load base: 0x08000000, Size: 0x00011088, Max: 0x00100000, ABSOLUTE)

    Exec Addr    Load Addr    Size         Type   Attr      Idx    E Section Name        Object

    0x08000000   0x08000000   0x00000188   Data   RO            3    RESET               startup_stm32f407xx.o
    0x08000188   0x08000188   0x00000008   Code   RO         1298  * !!!main             c_w.l(__main.o)
    0x08000190   0x08000190   0x00000034   Code   RO         1681    !!!scatter          c_w.l(__scatter.o)
    0x080001c4   0x080001c4   0x0000001a   Code   RO         1683    !!handler_copy      c_w.l(__scatter_copy.o)
    0x080001de   0x080001de   0x00000002   PAD
    0x080001e0   0x080001e0   0x0000001c   Code   RO         1685    !!handler_zi        c_w.l(__scatter_zi.o)
    0x080001fc   0x080001fc   0x00000000   Code   RO         1281    .ARM.Collect$$_printf_percent$$00000000  c_w.l(_printf_percent.o)
    0x080001fc   0x080001fc   0x00000006   Code   RO         1280    .ARM.Collect$$_printf_percent$$00000003  c_w.l(_printf_f.o)
    0x08000202   0x08000202   0x00000006   Code   RO         1278    .ARM.Collect$$_printf_percent$$00000009  c_w.l(_printf_d.o)
    0x08000208   0x08000208   0x00000006   Code   RO         1279    .ARM.Collect$$_printf_percent$$0000000A  c_w.l(_printf_u.o)
    0x0800020e   0x0800020e   0x00000006   Code   RO         1277    .ARM.Collect$$_printf_percent$$0000000C  c_w.l(_printf_x.o)
    0x08000214   0x08000214   0x00000006   Code   RO         1276    .ARM.Collect$$_printf_percent$$00000014  c_w.l(_printf_s.o)
    0x0800021a   0x0800021a   0x00000004   Code   RO         1352    .ARM.Collect$$_printf_percent$$00000017  c_w.l(_printf_percent_end.o)
    0x0800021e   0x0800021e   0x00000002   Code   RO         1467    .ARM.Collect$$libinit$$00000000  c_w.l(libinit.o)
    0x08000220   0x08000220   0x00000004   Code   RO         1468    .ARM.Collect$$libinit$$00000001  c_w.l(libinit2.o)
    0x08000224   0x08000224   0x00000000   Code   RO         1471    .ARM.Collect$$libinit$$00000004  c_w.l(libinit2.o)
    0x08000224   0x08000224   0x00000000   Code   RO         1473    .ARM.Collect$$libinit$$00000006  c_w.l(libinit2.o)
    0x08000224   0x08000224   0x00000000   Code   RO         1476    .ARM.Collect$$libinit$$0000000C  c_w.l(libinit2.o)
    0x08000224   0x08000224   0x00000000   Code   RO         1478    .ARM.Collect$$libinit$$0000000E  c_w.l(libinit2.o)
    0x08000224   0x08000224   0x00000000   Code   RO         1480    .ARM.Collect$$libinit$$00000010  c_w.l(libinit2.o)
    0x08000224   0x08000224   0x00000006   Code   RO         1481    .ARM.Collect$$libinit$$00000011  c_w.l(libinit2.o)
    0x0800022a   0x0800022a   0x00000000   Code   RO         1483    .ARM.Collect$$libinit$$00000013  c_w.l(libinit2.o)
    0x0800022a   0x0800022a   0x0000000c   Code   RO         1484    .ARM.Collect$$libinit$$00000014  c_w.l(libinit2.o)
    0x08000236   0x08000236   0x00000000   Code   RO         1485    .ARM.Collect$$libinit$$00000015  c_w.l(libinit2.o)
    0x08000236   0x08000236   0x00000000   Code   RO         1487    .ARM.Collect$$libinit$$00000017  c_w.l(libinit2.o)
    0x08000236   0x08000236   0x0000000a   Code   RO         1488    .ARM.Collect$$libinit$$00000018  c_w.l(libinit2.o)
    0x08000240   0x08000240   0x00000000   Code   RO         1489    .ARM.Collect$$libinit$$00000019  c_w.l(libinit2.o)
    0x08000240   0x08000240   0x00000000   Code   RO         1491    .ARM.Collect$$libinit$$0000001B  c_w.l(libinit2.o)
    0x08000240   0x08000240   0x00000000   Code   RO         1493    .ARM.Collect$$libinit$$0000001D  c_w.l(libinit2.o)
    0x08000240   0x08000240   0x00000000   Code   RO         1495    .ARM.Collect$$libinit$$0000001F  c_w.l(libinit2.o)
    0x08000240   0x08000240   0x00000000   Code   RO         1497    .ARM.Collect$$libinit$$00000021  c_w.l(libinit2.o)
    0x08000240   0x08000240   0x00000000   Code   RO         1499    .ARM.Collect$$libinit$$00000023  c_w.l(libinit2.o)
    0x08000240   0x08000240   0x00000000   Code   RO         1501    .ARM.Collect$$libinit$$00000025  c_w.l(libinit2.o)
    0x08000240   0x08000240   0x00000000   Code   RO         1503    .ARM.Collect$$libinit$$00000027  c_w.l(libinit2.o)
    0x08000240   0x08000240   0x00000000   Code   RO         1507    .ARM.Collect$$libinit$$0000002E  c_w.l(libinit2.o)
    0x08000240   0x08000240   0x00000000   Code   RO         1509    .ARM.Collect$$libinit$$00000030  c_w.l(libinit2.o)
    0x08000240   0x08000240   0x00000000   Code   RO         1511    .ARM.Collect$$libinit$$00000032  c_w.l(libinit2.o)
    0x08000240   0x08000240   0x00000000   Code   RO         1513    .ARM.Collect$$libinit$$00000034  c_w.l(libinit2.o)
    0x08000240   0x08000240   0x00000002   Code   RO         1514    .ARM.Collect$$libinit$$00000035  c_w.l(libinit2.o)
    0x08000242   0x08000242   0x00000002   Code   RO         1606    .ARM.Collect$$libshutdown$$00000000  c_w.l(libshutdown.o)
    0x08000244   0x08000244   0x00000000   Code   RO         1636    .ARM.Collect$$libshutdown$$00000002  c_w.l(libshutdown2.o)
    0x08000244   0x08000244   0x00000000   Code   RO         1638    .ARM.Collect$$libshutdown$$00000004  c_w.l(libshutdown2.o)
    0x08000244   0x08000244   0x00000000   Code   RO         1641    .ARM.Collect$$libshutdown$$00000007  c_w.l(libshutdown2.o)
    0x08000244   0x08000244   0x00000000   Code   RO         1644    .ARM.Collect$$libshutdown$$0000000A  c_w.l(libshutdown2.o)
    0x08000244   0x08000244   0x00000000   Code   RO         1646    .ARM.Collect$$libshutdown$$0000000C  c_w.l(libshutdown2.o)
    0x08000244   0x08000244   0x00000000   Code   RO         1649    .ARM.Collect$$libshutdown$$0000000F  c_w.l(libshutdown2.o)
    0x08000244   0x08000244   0x00000002   Code   RO         1650    .ARM.Collect$$libshutdown$$00000010  c_w.l(libshutdown2.o)
    0x08000246   0x08000246   0x00000000   Code   RO         1328    .ARM.Collect$$rtentry$$00000000  c_w.l(__rtentry.o)
    0x08000246   0x08000246   0x00000000   Code   RO         1370    .ARM.Collect$$rtentry$$00000002  c_w.l(__rtentry2.o)
    0x08000246   0x08000246   0x00000006   Code   RO         1382    .ARM.Collect$$rtentry$$00000004  c_w.l(__rtentry4.o)
    0x0800024c   0x0800024c   0x00000000   Code   RO         1372    .ARM.Collect$$rtentry$$00000009  c_w.l(__rtentry2.o)
    0x0800024c   0x0800024c   0x00000004   Code   RO         1373    .ARM.Collect$$rtentry$$0000000A  c_w.l(__rtentry2.o)
    0x08000250   0x08000250   0x00000000   Code   RO         1375    .ARM.Collect$$rtentry$$0000000C  c_w.l(__rtentry2.o)
    0x08000250   0x08000250   0x00000008   Code   RO         1376    .ARM.Collect$$rtentry$$0000000D  c_w.l(__rtentry2.o)
    0x08000258   0x08000258   0x00000002   Code   RO         1515    .ARM.Collect$$rtexit$$00000000  c_w.l(rtexit.o)
    0x0800025a   0x0800025a   0x00000000   Code   RO         1557    .ARM.Collect$$rtexit$$00000002  c_w.l(rtexit2.o)
    0x0800025a   0x0800025a   0x00000004   Code   RO         1558    .ARM.Collect$$rtexit$$00000003  c_w.l(rtexit2.o)
    0x0800025e   0x0800025e   0x00000006   Code   RO         1559    .ARM.Collect$$rtexit$$00000004  c_w.l(rtexit2.o)
    0x08000264   0x08000264   0x00000040   Code   RO            4    .text               startup_stm32f407xx.o
    0x080002a4   0x080002a4   0x000000f0   Code   RO         1221    .text               c_w.l(lludivv7m.o)
    0x08000394   0x08000394   0x00000028   Code   RO         1225    .text               c_w.l(noretval__2sprintf.o)
    0x080003bc   0x080003bc   0x0000004e   Code   RO         1229    .text               c_w.l(_printf_pad.o)
    0x0800040a   0x0800040a   0x00000052   Code   RO         1231    .text               c_w.l(_printf_str.o)
    0x0800045c   0x0800045c   0x00000078   Code   RO         1233    .text               c_w.l(_printf_dec.o)
    0x080004d4   0x080004d4   0x00000058   Code   RO         1238    .text               c_w.l(_printf_hex_int.o)
    0x0800052c   0x0800052c   0x00000188   Code   RO         1273    .text               c_w.l(__printf_flags_ss_wp.o)
    0x080006b4   0x080006b4   0x0000001a   Code   RO         1282    .text               c_w.l(atoi.o)
    0x080006ce   0x080006ce   0x00000048   Code   RO         1284    .text               c_w.l(strcpy.o)
    0x08000716   0x08000716   0x0000003e   Code   RO         1286    .text               c_w.l(strlen.o)
    0x08000754   0x08000754   0x00000064   Code   RO         1290    .text               c_w.l(rt_memcpy_w.o)
    0x080007b8   0x080007b8   0x00000044   Code   RO         1292    .text               c_w.l(rt_memclr.o)
    0x080007fc   0x080007fc   0x0000004e   Code   RO         1294    .text               c_w.l(rt_memclr_w.o)
    0x0800084a   0x0800084a   0x00000006   Code   RO         1296    .text               c_w.l(heapauxi.o)
    0x08000850   0x08000850   0x00000008   Code   RO         1336    .text               c_w.l(rt_errno_addr_intlibspace.o)
    0x08000858   0x08000858   0x00000016   Code   RO         1338    .text               c_w.l(_rserrno.o)
    0x0800086e   0x0800086e   0x000000b2   Code   RO         1340    .text               c_w.l(_printf_intcommon.o)
    0x08000920   0x08000920   0x0000041c   Code   RO         1342    .text               c_w.l(_printf_fp_dec.o)
    0x08000d3c   0x08000d3c   0x00000030   Code   RO         1346    .text               c_w.l(_printf_char_common.o)
    0x08000d6c   0x08000d6c   0x0000000a   Code   RO         1348    .text               c_w.l(_sputc.o)
    0x08000d76   0x08000d76   0x0000002c   Code   RO         1350    .text               c_w.l(_printf_char.o)
    0x08000da2   0x08000da2   0x00000002   PAD
    0x08000da4   0x08000da4   0x000000b0   Code   RO         1353    .text               c_w.l(strtod.o)
    0x08000e54   0x08000e54   0x00000070   Code   RO         1355    .text               c_w.l(strtol.o)
    0x08000ec4   0x08000ec4   0x00000008   Code   RO         1366    .text               c_w.l(libspace.o)
    0x08000ecc   0x08000ecc   0x00000010   Code   RO         1384    .text               c_w.l(rt_ctype_table.o)
    0x08000edc   0x08000edc   0x00000008   Code   RO         1391    .text               c_w.l(rt_locale_intlibspace.o)
    0x08000ee4   0x08000ee4   0x0000008a   Code   RO         1393    .text               c_w.l(lludiv10.o)
    0x08000f6e   0x08000f6e   0x00000012   Code   RO         1395    .text               c_w.l(isspace.o)
    0x08000f80   0x08000f80   0x00000080   Code   RO         1397    .text               c_w.l(_printf_fp_infnan.o)
    0x08001000   0x08001000   0x00000040   Code   RO         1401    .text               c_w.l(_sgetc.o)
    0x08001040   0x08001040   0x0000009e   Code   RO         1403    .text               c_w.l(_strtoul.o)
    0x080010de   0x080010de   0x00000002   PAD
    0x080010e0   0x080010e0   0x000000e4   Code   RO         1405    .text               c_w.l(bigflt0.o)
    0x080011c4   0x080011c4   0x0000004a   Code   RO         1441    .text               c_w.l(sys_stackheap_outer.o)
    0x0800120e   0x0800120e   0x0000001c   Code   RO         1443    .text               c_w.l(_chval.o)
    0x0800122a   0x0800122a   0x00000002   PAD
    0x0800122c   0x0800122c   0x000004f8   Code   RO         1445    .text               c_w.l(scanf_fp.o)
    0x08001724   0x08001724   0x00000012   Code   RO         1454    .text               c_w.l(exit.o)
    0x08001736   0x08001736   0x00000002   PAD
    0x08001738   0x08001738   0x0000007c   Code   RO         1460    .text               c_w.l(strcmpv7em.o)
    0x080017b4   0x080017b4   0x00000026   Code   RO         1519    .text               c_w.l(llshl.o)
    0x080017da   0x080017da   0x00000002   PAD
    0x080017dc   0x080017dc   0x0000000c   Code   RO         1552    .text               c_w.l(sys_exit.o)
    0x080017e8   0x080017e8   0x00000320   Code   RO         1563    .text               c_w.l(scanf_hexfp.o)
    0x08001b08   0x08001b08   0x00000134   Code   RO         1565    .text               c_w.l(scanf_infnan.o)
    0x08001c3c   0x08001c3c   0x00000002   Code   RO         1593    .text               c_w.l(use_no_semi.o)
    0x08001c3e   0x08001c3e   0x00000000   Code   RO         1595    .text               c_w.l(indicate_semi.o)
    0x08001c3e   0x08001c3e   0x00000002   PAD
    0x08001c40   0x08001c40   0x00000002   Code   RO          189    .text.BusFault_Handler  stm32f4xx_it.o
    0x08001c42   0x08001c42   0x00000002   PAD
    0x08001c44   0x08001c44   0x000002bc   Code   RO           77    .text.Check_CRC_Lan1  main.o
    0x08001f00   0x08001f00   0x000001dc   Code   RO           83    .text.Check_Data_Pzem  main.o
    0x080020dc   0x080020dc   0x00000004   PAD
    0x080020e0   0x080020e0   0x00000614   Code   RO           79    .text.Check_Gia_Tri_Pzem  main.o
    0x080026f4   0x080026f4   0x0000022a   Code   RO          131    .text.Check_Time    main.o
    0x0800291e   0x0800291e   0x00000002   PAD
    0x08002920   0x08002920   0x00000002   Code   RO          195    .text.DebugMon_Handler  stm32f4xx_it.o
    0x08002922   0x08002922   0x00000002   PAD
    0x08002924   0x08002924   0x00000ad8   Code   RO          127    .text.Doc_Du_Lieu_Eeproom  main.o
    0x080033fc   0x080033fc   0x00000006   Code   RO          201    .text.EXTI0_IRQHandler  stm32f4xx_it.o
    0x08003402   0x08003402   0x00000002   PAD
    0x08003404   0x08003404   0x0000004c   Code   RO         1142    .text.FATFS_LinkDriver  ff_gen_drv.o
    0x08003450   0x08003450   0x0000010a   Code   RO           61    .text.Get_Time      main.o
    0x0800355a   0x0800355a   0x00000002   PAD
    0x0800355c   0x0800355c   0x0000035c   Code   RO           81    .text.Gui_Lai_Lenh_Doc_Du_Lieu_Pzem  main.o
    0x080038b8   0x080038b8   0x0000008e   Code   RO          390    .text.HAL_DMA_Abort  stm32f4xx_hal_dma.o
    0x08003946   0x08003946   0x00000002   PAD
    0x08003948   0x08003948   0x00000024   Code   RO          392    .text.HAL_DMA_Abort_IT  stm32f4xx_hal_dma.o
    0x0800396c   0x0800396c   0x00000028   Code   RO          543    .text.HAL_Delay     stm32f4xx_hal.o
    0x08003994   0x08003994   0x0000009c   Code   RO           57    .text.HAL_GPIO_EXTI_Callback  main.o
    0x08003a30   0x08003a30   0x00000016   Code   RO          356    .text.HAL_GPIO_EXTI_IRQHandler  stm32f4xx_hal_gpio.o
    0x08003a46   0x08003a46   0x00000002   PAD
    0x08003a48   0x08003a48   0x000001a6   Code   RO          344    .text.HAL_GPIO_Init  stm32f4xx_hal_gpio.o
    0x08003bee   0x08003bee   0x00000002   PAD
    0x08003bf0   0x08003bf0   0x0000000a   Code   RO          350    .text.HAL_GPIO_WritePin  stm32f4xx_hal_gpio.o
    0x08003bfa   0x08003bfa   0x00000002   PAD
    0x08003bfc   0x08003bfc   0x0000000c   Code   RO          535    .text.HAL_GetTick   stm32f4xx_hal.o
    0x08003c08   0x08003c08   0x00000176   Code   RO          613    .text.HAL_I2C_Init  stm32f4xx_hal_i2c.o
    0x08003d7e   0x08003d7e   0x00000002   PAD
    0x08003d80   0x08003d80   0x0000036e   Code   RO          657    .text.HAL_I2C_Mem_Read  stm32f4xx_hal_i2c.o
    0x080040ee   0x080040ee   0x00000002   PAD
    0x080040f0   0x080040f0   0x000001da   Code   RO          653    .text.HAL_I2C_Mem_Write  stm32f4xx_hal_i2c.o
    0x080042ca   0x080042ca   0x00000002   PAD
    0x080042cc   0x080042cc   0x000000d6   Code   RO          214    .text.HAL_I2C_MspInit  stm32f4xx_hal_msp.o
    0x080043a2   0x080043a2   0x00000002   PAD
    0x080043a4   0x080043a4   0x0000001a   Code   RO          533    .text.HAL_IncTick   stm32f4xx_hal.o
    0x080043be   0x080043be   0x00000002   PAD
    0x080043c0   0x080043c0   0x00000036   Code   RO          523    .text.HAL_Init      stm32f4xx_hal.o
    0x080043f6   0x080043f6   0x00000002   PAD
    0x080043f8   0x080043f8   0x00000048   Code   RO          525    .text.HAL_InitTick  stm32f4xx_hal.o
    0x08004440   0x08004440   0x00000038   Code   RO          212    .text.HAL_MspInit   stm32f4xx_hal_msp.o
    0x08004478   0x08004478   0x00000026   Code   RO          481    .text.HAL_NVIC_EnableIRQ  stm32f4xx_hal_cortex.o
    0x0800449e   0x0800449e   0x00000002   PAD
    0x080044a0   0x080044a0   0x00000056   Code   RO          479    .text.HAL_NVIC_SetPriority  stm32f4xx_hal_cortex.o
    0x080044f6   0x080044f6   0x00000002   PAD
    0x080044f8   0x080044f8   0x00000020   Code   RO          477    .text.HAL_NVIC_SetPriorityGrouping  stm32f4xx_hal_cortex.o
    0x08004518   0x08004518   0x00000160   Code   RO          238    .text.HAL_RCC_ClockConfig  stm32f4xx_hal_rcc.o
    0x08004678   0x08004678   0x00000026   Code   RO          250    .text.HAL_RCC_GetPCLK1Freq  stm32f4xx_hal_rcc.o
    0x0800469e   0x0800469e   0x00000002   PAD
    0x080046a0   0x080046a0   0x00000026   Code   RO          252    .text.HAL_RCC_GetPCLK2Freq  stm32f4xx_hal_rcc.o
    0x080046c6   0x080046c6   0x00000002   PAD
    0x080046c8   0x080046c8   0x0000006c   Code   RO          240    .text.HAL_RCC_GetSysClockFreq  stm32f4xx_hal_rcc.o
    0x08004734   0x08004734   0x00000374   Code   RO          236    .text.HAL_RCC_OscConfig  stm32f4xx_hal_rcc.o
    0x08004aa8   0x08004aa8   0x000000b4   Code   RO          748    .text.HAL_SPI_Init  stm32f4xx_hal_spi.o
    0x08004b5c   0x08004b5c   0x0000006a   Code   RO          218    .text.HAL_SPI_MspInit  stm32f4xx_hal_msp.o
    0x08004bc6   0x08004bc6   0x00000002   PAD
    0x08004bc8   0x08004bc8   0x00000252   Code   RO          756    .text.HAL_SPI_Transmit  stm32f4xx_hal_spi.o
    0x08004e1a   0x08004e1a   0x00000002   PAD
    0x08004e1c   0x08004e1c   0x00000318   Code   RO          760    .text.HAL_SPI_TransmitReceive  stm32f4xx_hal_spi.o
    0x08005134   0x08005134   0x0000002c   Code   RO          489    .text.HAL_SYSTICK_Config  stm32f4xx_hal_cortex.o
    0x08005160   0x08005160   0x00000002   Code   RO          948    .text.HAL_UARTEx_RxEventCallback  stm32f4xx_hal_uart.o
    0x08005162   0x08005162   0x00000002   PAD
    0x08005164   0x08005164   0x00000002   Code   RO          946    .text.HAL_UART_ErrorCallback  stm32f4xx_hal_uart.o
    0x08005166   0x08005166   0x00000002   PAD
    0x08005168   0x08005168   0x00000564   Code   RO          940    .text.HAL_UART_IRQHandler  stm32f4xx_hal_uart.o
    0x080056cc   0x080056cc   0x0000005e   Code   RO          864    .text.HAL_UART_Init  stm32f4xx_hal_uart.o
    0x0800572a   0x0800572a   0x00000002   PAD
    0x0800572c   0x0800572c   0x000001ba   Code   RO          222    .text.HAL_UART_MspInit  stm32f4xx_hal_msp.o
    0x080058e6   0x080058e6   0x00000002   PAD
    0x080058e8   0x080058e8   0x000001ba   Code   RO          882    .text.HAL_UART_Receive  stm32f4xx_hal_uart.o
    0x08005aa2   0x08005aa2   0x00000002   PAD
    0x08005aa4   0x08005aa4   0x00000002   Code   RO          954    .text.HAL_UART_RxCpltCallback  stm32f4xx_hal_uart.o
    0x08005aa6   0x08005aa6   0x00000002   PAD
    0x08005aa8   0x08005aa8   0x00000286   Code   RO          880    .text.HAL_UART_Transmit  stm32f4xx_hal_uart.o
    0x08005d2e   0x08005d2e   0x00000002   PAD
    0x08005d30   0x08005d30   0x00000002   Code   RO          950    .text.HAL_UART_TxCpltCallback  stm32f4xx_hal_uart.o
    0x08005d32   0x08005d32   0x00000002   PAD
    0x08005d34   0x08005d34   0x00000002   Code   RO          185    .text.HardFault_Handler  stm32f4xx_it.o
    0x08005d36   0x08005d36   0x00000002   PAD
    0x08005d38   0x08005d38   0x0000031e   Code   RO          659    .text.I2C_RequestMemoryRead  stm32f4xx_hal_i2c.o
    0x08006056   0x08006056   0x00000002   PAD
    0x08006058   0x08006058   0x00000272   Code   RO          655    .text.I2C_RequestMemoryWrite  stm32f4xx_hal_i2c.o
    0x080062ca   0x080062ca   0x00000002   PAD
    0x080062cc   0x080062cc   0x000000a8   Code   RO          625    .text.I2C_WaitOnBTFFlagUntilTimeout  stm32f4xx_hal_i2c.o
    0x08006374   0x08006374   0x00000150   Code   RO          623    .text.I2C_WaitOnFlagUntilTimeout  stm32f4xx_hal_i2c.o
    0x080064c4   0x080064c4   0x000000b8   Code   RO          737    .text.I2C_WaitOnMasterAddressFlagUntilTimeout  stm32f4xx_hal_i2c.o
    0x0800657c   0x0800657c   0x0000001c   Code   RO         1017    .text.MX_FATFS_Init  fatfs.o
    0x08006598   0x08006598   0x00000002   Code   RO          187    .text.MemManage_Handler  stm32f4xx_it.o
    0x0800659a   0x0800659a   0x00000002   PAD
    0x0800659c   0x0800659c   0x00000002   Code   RO          183    .text.NMI_Handler   stm32f4xx_it.o
    0x0800659e   0x0800659e   0x00000002   PAD
    0x080065a0   0x080065a0   0x00000002   Code   RO          197    .text.PendSV_Handler  stm32f4xx_it.o
    0x080065a2   0x080065a2   0x00000002   PAD
    0x080065a4   0x080065a4   0x00000264   Code   RO          129    .text.Reset_Pzem    main.o
    0x08006808   0x08006808   0x0000030e   Code   RO           13    .text.SD_PowerOn    fatfs_sd.o
    0x08006b16   0x08006b16   0x00000002   PAD
    0x08006b18   0x08006b18   0x00000070   Code   RO           29    .text.SD_ReadyWait  fatfs_sd.o
    0x08006b88   0x08006b88   0x00000152   Code   RO           21    .text.SD_RxDataBlock  fatfs_sd.o
    0x08006cda   0x08006cda   0x00000002   PAD
    0x08006cdc   0x08006cdc   0x00000262   Code   RO           15    .text.SD_SendCmd    fatfs_sd.o
    0x08006f3e   0x08006f3e   0x00000002   PAD
    0x08006f40   0x08006f40   0x000001fa   Code   RO           25    .text.SD_TxDataBlock  fatfs_sd.o
    0x0800713a   0x0800713a   0x00000002   PAD
    0x0800713c   0x0800713c   0x00000370   Code   RO           11    .text.SD_disk_initialize  fatfs_sd.o
    0x080074ac   0x080074ac   0x000002fa   Code   RO           27    .text.SD_disk_ioctl  fatfs_sd.o
    0x080077a6   0x080077a6   0x00000002   PAD
    0x080077a8   0x080077a8   0x0000010e   Code   RO           19    .text.SD_disk_read  fatfs_sd.o
    0x080078b6   0x080078b6   0x00000002   PAD
    0x080078b8   0x080078b8   0x00000014   Code   RO           17    .text.SD_disk_status  fatfs_sd.o
    0x080078cc   0x080078cc   0x000001b8   Code   RO           23    .text.SD_disk_write  fatfs_sd.o
    0x08007a84   0x08007a84   0x000000e4   Code   RO          852    .text.SPI_WaitFlagStateUntilTimeout  stm32f4xx_hal_spi.o
    0x08007b68   0x08007b68   0x00000002   Code   RO          193    .text.SVC_Handler   stm32f4xx_it.o
    0x08007b6a   0x08007b6a   0x00000002   PAD
    0x08007b6c   0x08007b6c   0x00000028   Code   RO          199    .text.SysTick_Handler  stm32f4xx_it.o
    0x08007b94   0x08007b94   0x000000b0   Code   RO          135    .text.SystemClock_Config  main.o
    0x08007c44   0x08007c44   0x00000012   Code   RO          984    .text.SystemInit    system_stm32f4xx.o
    0x08007c56   0x08007c56   0x00000002   PAD
    0x08007c58   0x08007c58   0x0000000c   Code   RO          203    .text.UART4_IRQHandler  stm32f4xx_it.o
    0x08007c64   0x08007c64   0x0000000c   Code   RO          944    .text.UART_DMAAbortOnError  stm32f4xx_hal_uart.o
    0x08007c70   0x08007c70   0x000000fe   Code   RO          942    .text.UART_Receive_IT  stm32f4xx_hal_uart.o
    0x08007d6e   0x08007d6e   0x00000002   PAD
    0x08007d70   0x08007d70   0x000000ee   Code   RO          868    .text.UART_SetConfig  stm32f4xx_hal_uart.o
    0x08007e5e   0x08007e5e   0x00000002   PAD
    0x08007e60   0x08007e60   0x00000004   Code   RO          999    .text.USER_initialize  user_diskio.o
    0x08007e64   0x08007e64   0x00000004   Code   RO         1007    .text.USER_ioctl    user_diskio.o
    0x08007e68   0x08007e68   0x00000004   Code   RO         1003    .text.USER_read     user_diskio.o
    0x08007e6c   0x08007e6c   0x00000004   Code   RO         1001    .text.USER_status   user_diskio.o
    0x08007e70   0x08007e70   0x00000004   Code   RO         1005    .text.USER_write    user_diskio.o
    0x08007e74   0x08007e74   0x00000002   Code   RO          191    .text.UsageFault_Handler  stm32f4xx_it.o
    0x08007e76   0x08007e76   0x00000002   PAD
    0x08007e78   0x08007e78   0x000001fc   Code   RO          103    .text.Write_Current_Energy_To_Eeproom  main.o
    0x08008074   0x08008074   0x00000190   Code   RO          111    .text.Write_Current_Month_To_Eeproom  main.o
    0x08008204   0x08008204   0x00000190   Code   RO          113    .text.Write_Current_Year_To_Eeproom  main.o
    0x08008394   0x08008394   0x000002e4   Code   RO          101    .text.Write_Data_To_Sdcard  main.o
    0x08008678   0x08008678   0x00000156   Code   RO          125    .text.Write_Dien_Nang_Tieu_Thu_Trong_Ngay_Hom_Nay_To_Eeproom  main.o
    0x080087ce   0x080087ce   0x00000002   PAD
    0x080087d0   0x080087d0   0x0000014e   Code   RO          121    .text.Write_Dien_Nang_Tieu_Thu_Trong_Ngay_Hom_Truoc_To_Eeproom  main.o
    0x0800891e   0x0800891e   0x00000002   PAD
    0x08008920   0x08008920   0x00000190   Code   RO          105    .text.Write_Previous_Date_To_Eeproom_2  main.o
    0x08008ab0   0x08008ab0   0x0000018c   Code   RO          117    .text.Write_Previous_Month_Energy_To_Eeproom  main.o
    0x08008c3c   0x08008c3c   0x00000194   Code   RO          109    .text.Write_Previous_Month_To_Eeproom  main.o
    0x08008dd0   0x08008dd0   0x00000190   Code   RO          115    .text.Write_Previous_Year_To_Eeproom  main.o
    0x08008f60   0x08008f60   0x00000140   Code   RO          123    .text.Write_Thoi_Diem_Chot_Dien_Nang_Tieu_Thu_Trong_Ngay_Hom_Qua  main.o
    0x080090a0   0x080090a0   0x000001f0   Code   RO          107    .text.Write_Today_To_Eeproom_2  main.o
    0x08009290   0x08009290   0x0000014e   Code   RO          119    .text.Write_Tong_Dien_Nang_Tieu_Thu_Thang_Nay_Do_Vao_Ngay_Hom_Truoc_To_Eeproom  main.o
    0x080093de   0x080093de   0x00000002   PAD
    0x080093e0   0x080093e0   0x00000074   Code   RO         1121    .text.check_fs      ff.o
    0x08009454   0x08009454   0x0000012c   Code   RO         1073    .text.create_chain  ff.o
    0x08009580   0x08009580   0x00000574   Code   RO         1123    .text.dir_find      ff.o
    0x08009af4   0x08009af4   0x0000017e   Code   RO         1095    .text.dir_next      ff.o
    0x08009c72   0x08009c72   0x00000002   PAD
    0x08009c74   0x08009c74   0x0000071c   Code   RO         1059    .text.dir_register  ff.o
    0x0800a390   0x0800a390   0x000000aa   Code   RO         1085    .text.dir_sdi       ff.o
    0x0800a43a   0x0800a43a   0x00000002   PAD
    0x0800a43c   0x0800a43c   0x00000024   Code   RO         1033    .text.disk_initialize  diskio.o
    0x0800a460   0x0800a460   0x00000016   Code   RO         1039    .text.disk_ioctl    diskio.o
    0x0800a476   0x0800a476   0x00000002   PAD
    0x0800a478   0x0800a478   0x00000020   Code   RO         1035    .text.disk_read     diskio.o
    0x0800a498   0x0800a498   0x00000016   Code   RO         1031    .text.disk_status   diskio.o
    0x0800a4ae   0x0800a4ae   0x00000002   PAD
    0x0800a4b0   0x0800a4b0   0x00000020   Code   RO         1037    .text.disk_write    diskio.o
    0x0800a4d0   0x0800a4d0   0x00000068   Code   RO         1079    .text.f_close       ff.o
    0x0800a538   0x0800a538   0x00000108   Code   RO         1099    .text.f_getfree     ff.o
    0x0800a640   0x0800a640   0x00000070   Code   RO         1113    .text.f_gets        ff.o
    0x0800a6b0   0x0800a6b0   0x00000346   Code   RO         1081    .text.f_lseek       ff.o
    0x0800a9f6   0x0800a9f6   0x00000002   PAD
    0x0800a9f8   0x0800a9f8   0x0000010c   Code   RO         1051    .text.f_mount       ff.o
    0x0800ab04   0x0800ab04   0x000003cc   Code   RO         1055    .text.f_open        ff.o
    0x0800aed0   0x0800aed0   0x00000334   Code   RO         1069    .text.f_read        ff.o
    0x0800b204   0x0800b204   0x000000be   Code   RO         1075    .text.f_sync        ff.o
    0x0800b2c2   0x0800b2c2   0x00000002   PAD
    0x0800b2c4   0x0800b2c4   0x0000033a   Code   RO         1071    .text.f_write       ff.o
    0x0800b5fe   0x0800b5fe   0x00000002   PAD
    0x0800b600   0x0800b600   0x00000132   Code   RO         1160    .text.ff_convert    ccsbcs.o
    0x0800b732   0x0800b732   0x00000002   PAD
    0x0800b734   0x0800b734   0x000000d0   Code   RO         1162    .text.ff_wtoupper   ccsbcs.o
    0x0800b804   0x0800b804   0x00000550   Code   RO         1053    .text.find_volume   ff.o
    0x0800bd54   0x0800bd54   0x00000640   Code   RO         1057    .text.follow_path   ff.o
    0x0800c394   0x0800c394   0x000000fe   Code   RO         1067    .text.get_fat       ff.o
    0x0800c492   0x0800c492   0x00000002   PAD
    0x0800c494   0x0800c494   0x00000004   Code   RO         1019    .text.get_fattime   fatfs.o
    0x0800c498   0x0800c498   0x00000d7c   Code   RO          133    .text.main          main.o
    0x0800d214   0x0800d214   0x00000080   Code   RO         1063    .text.move_window   ff.o
    0x0800d294   0x0800d294   0x0000013e   Code   RO         1127    .text.put_fat       ff.o
    0x0800d3d2   0x0800d3d2   0x00000002   PAD
    0x0800d3d4   0x0800d3d4   0x000000c0   Code   RO         1077    .text.sync_fs       ff.o
    0x0800d494   0x0800d494   0x0000005a   Code   RO         1107    .text.sync_window   ff.o
    0x0800d4ee   0x0800d4ee   0x0000003e   Code   RO         1408    CL$$btod_d2e        c_w.l(btod.o)
    0x0800d52c   0x0800d52c   0x00000046   Code   RO         1410    CL$$btod_d2e_denorm_low  c_w.l(btod.o)
    0x0800d572   0x0800d572   0x00000060   Code   RO         1409    CL$$btod_d2e_norm_op1  c_w.l(btod.o)
    0x0800d5d2   0x0800d5d2   0x00000002   PAD
    0x0800d5d4   0x0800d5d4   0x00000338   Code   RO         1418    CL$$btod_div_common  c_w.l(btod.o)
    0x0800d90c   0x0800d90c   0x00000084   Code   RO         1416    CL$$btod_e2d        c_w.l(btod.o)
    0x0800d990   0x0800d990   0x000000dc   Code   RO         1415    CL$$btod_e2e        c_w.l(btod.o)
    0x0800da6c   0x0800da6c   0x0000002a   Code   RO         1412    CL$$btod_ediv       c_w.l(btod.o)
    0x0800da96   0x0800da96   0x0000002a   Code   RO         1414    CL$$btod_edivd      c_w.l(btod.o)
    0x0800dac0   0x0800dac0   0x0000002a   Code   RO         1411    CL$$btod_emul       c_w.l(btod.o)
    0x0800daea   0x0800daea   0x0000002a   Code   RO         1413    CL$$btod_emuld      c_w.l(btod.o)
    0x0800db14   0x0800db14   0x00000244   Code   RO         1417    CL$$btod_mult_common  c_w.l(btod.o)
    0x0800dd58   0x0800dd58   0x00000030   Code   RO         1439    i.__ARM_fpclassify  m_wm.l(fpclassify.o)
    0x0800dd88   0x0800dd88   0x000000f8   Code   RO         1544    i.__hardfp___mathlib_tofloat  m_wm.l(narrow.o)
    0x0800de80   0x0800de80   0x00000038   Code   RO         1322    i.__hardfp_atof     m_wm.l(atof.o)
    0x0800deb8   0x0800deb8   0x000000d0   Code   RO         1611    i.__hardfp_ldexp    m_wm.l(ldexp.o)
    0x0800df88   0x0800df88   0x00000020   Code   RO         1657    i.__mathlib_dbl_overflow  m_wm.l(dunder.o)
    0x0800dfa8   0x0800dfa8   0x00000020   Code   RO         1659    i.__mathlib_dbl_underflow  m_wm.l(dunder.o)
    0x0800dfc8   0x0800dfc8   0x00000012   Code   RO         1545    i.__mathlib_narrow  m_wm.l(narrow.o)
    0x0800dfda   0x0800dfda   0x00000014   Code   RO         1613    i.__support_ldexp   m_wm.l(ldexp.o)
    0x0800dfee   0x0800dfee   0x0000000e   Code   RO         1266    i._is_digit         c_w.l(__printf_wp.o)
    0x0800dffc   0x0800dffc   0x00000004   PAD
    0x0800e000   0x0800e000   0x0000008c   Code   RO         1581    i.frexp             m_wm.l(frexp.o)
    0x0800e08c   0x0800e08c   0x0000002c   Code   RO         1433    locale$$code        c_w.l(lc_numeric_c.o)
    0x0800e0b8   0x0800e0b8   0x0000002c   Code   RO         1452    locale$$code        c_w.l(lc_ctype_c.o)
    0x0800e0e4   0x0800e0e4   0x00000062   Code   RO         1300    x$fpl$d2f           fz_wm.l(d2f.o)
    0x0800e146   0x0800e146   0x00000002   PAD
    0x0800e148   0x0800e148   0x00000010   Code   RO         1673    x$fpl$dcheck1       fz_wm.l(dcheck1.o)
    0x0800e158   0x0800e158   0x00000018   Code   RO         1607    x$fpl$dcmpinf       fz_wm.l(dcmpi.o)
    0x0800e170   0x0800e170   0x000002b4   Code   RO         1303    x$fpl$ddiv          fz_wm.l(ddiv.o)
    0x0800e424   0x0800e424   0x00000078   Code   RO         1575    x$fpl$deqf          fz_wm.l(deqf.o)
    0x0800e49c   0x0800e49c   0x0000005a   Code   RO         1306    x$fpl$dfixu         fz_wm.l(dfixu.o)
    0x0800e4f6   0x0800e4f6   0x00000026   Code   RO         1310    x$fpl$dfltu         fz_wm.l(dflt_clz.o)
    0x0800e51c   0x0800e51c   0x00000078   Code   RO         1609    x$fpl$dleqf         fz_wm.l(dleqf.o)
    0x0800e594   0x0800e594   0x00000154   Code   RO         1316    x$fpl$dmul          fz_wm.l(dmul.o)
    0x0800e6e8   0x0800e6e8   0x0000009c   Code   RO         1357    x$fpl$dnaninf       fz_wm.l(dnaninf.o)
    0x0800e784   0x0800e784   0x0000000c   Code   RO         1359    x$fpl$dretinf       fz_wm.l(dretinf.o)
    0x0800e790   0x0800e790   0x0000006c   Code   RO         1577    x$fpl$drleqf        fz_wm.l(drleqf.o)
    0x0800e7fc   0x0800e7fc   0x00000056   Code   RO         1318    x$fpl$f2d           fz_wm.l(f2d.o)
    0x0800e852   0x0800e852   0x0000008c   Code   RO         1361    x$fpl$fnaninf       fz_wm.l(fnaninf.o)
    0x0800e8de   0x0800e8de   0x0000001a   Code   RO         1536    x$fpl$fpinit        fz_wm.l(fpinit.o)
    0x0800e8f8   0x0800e8f8   0x0000000a   Code   RO         1363    x$fpl$fretinf       fz_wm.l(fretinf.o)
    0x0800e902   0x0800e902   0x00000006   Code   RO         1435    x$fpl$ieeestatus    fz_wm.l(istatus.o)
    0x0800e908   0x0800e908   0x00000004   Code   RO         1320    x$fpl$printf1       fz_wm.l(printf1.o)
    0x0800e90c   0x0800e90c   0x00000064   Code   RO         1675    x$fpl$retnan        fz_wm.l(retnan.o)
    0x0800e970   0x0800e970   0x0000005c   Code   RO         1651    x$fpl$scalbn        fz_wm.l(scalbn.o)
    0x0800e9cc   0x0800e9cc   0x00000004   Code   RO         1437    x$fpl$scanf1        fz_wm.l(scanf1.o)
    0x0800e9d0   0x0800e9d0   0x00000008   Code   RO         1538    x$fpl$scanf2        fz_wm.l(scanf2.o)
    0x0800e9d8   0x0800e9d8   0x00000030   Code   RO         1677    x$fpl$trapveneer    fz_wm.l(trapv.o)
    0x0800ea08   0x0800ea08   0x00000000   Code   RO         1365    x$fpl$usenofp       fz_wm.l(usenofp.o)
    0x0800ea08   0x0800ea08   0x00000028   Data   RO         1239    .constdata          c_w.l(_printf_hex_int.o)
    0x0800ea30   0x0800ea30   0x00000011   Data   RO         1274    .constdata          c_w.l(__printf_flags_ss_wp.o)
    0x0800ea41   0x0800ea41   0x00000003   PAD
    0x0800ea44   0x0800ea44   0x00000094   Data   RO         1406    .constdata          c_w.l(bigflt0.o)
    0x0800ead8   0x0800ead8   0x00000014   Data   RO          172    .rodata..L__const.main.batdau  main.o
    0x0800eaec   0x0800eaec   0x00000010   Data   RO          989    .rodata.AHBPrescTable  system_stm32f4xx.o
    0x0800eafc   0x0800eafc   0x00000008   Data   RO          990    .rodata.APBPrescTable  system_stm32f4xx.o
    0x0800eb04   0x0800eb04   0x00000080   Data   RO         1130    .rodata.ExCvt       ff.o
    0x0800eb84   0x0800eb84   0x00000100   Data   RO         1164    .rodata.Tbl         ccsbcs.o
    0x0800ec84   0x0800ec84   0x00001df8   Data   RO          148    .rodata.str1.1      main.o
    0x08010a7c   0x08010a7c   0x000002ae   Data   RO         1165    .rodata.str2.2      ccsbcs.o
    0x08010d2a   0x08010d2a   0x00000200   Data   RO          145    .rodata.wCRCTable   main.o
    0x08010f2a   0x08010f2a   0x00000002   PAD
    0x08010f2c   0x08010f2c   0x00000020   Data   RO         1680    Region$$Table       anon$$obj.o
    0x08010f4c   0x08010f4c   0x00000008   Data   RO         1532    c$$dinf             fz_wm.l(fpconst.o)
    0x08010f54   0x08010f54   0x00000008   Data   RO         1535    c$$dmax             fz_wm.l(fpconst.o)
    0x08010f5c   0x08010f5c   0x0000001c   Data   RO         1432    locale$$data        c_w.l(lc_numeric_c.o)
    0x08010f78   0x08010f78   0x00000110   Data   RO         1451    locale$$data        c_w.l(lc_ctype_c.o)


    Execution Region RW_IRAM1 (Exec base: 0x20000000, Load base: 0x08011088, Size: 0x00003350, Max: 0x0001c000, ABSOLUTE)

    Exec Addr    Load Addr    Size         Type   Attr      Idx    E Section Name        Object

    0x20000000   0x08011088   0x00000008   Data   RW          578    .data..L_MergedGlobals  stm32f4xx_hal.o
    0x20000008   0x08011090   0x00000001   Data   RW           31    .data.Stat          fatfs_sd.o
    0x20000009   0x08011091   0x00000003   PAD
    0x2000000c   0x08011094   0x00000004   Data   RW          988    .data.SystemCoreClock  system_stm32f4xx.o
    0x20000010   0x08011098   0x00000014   Data   RW         1009    .data.USER_Driver   user_diskio.o
    0x20000024   0x080110ac   0x00000008   Data   RW          139    .data.buf           main.o
    0x2000002c   0x080110b4   0x00000004   Data   RW          140    .data.rst_buf       main.o
    0x20000030        -       0x00000060   Zero   RW         1367    .bss                c_w.l(libspace.o)
    0x20000090        -       0x00000006   Zero   RW           32    .bss..L_MergedGlobals  fatfs_sd.o
    0x20000096   0x080110b8   0x00000002   PAD
    0x20000098        -       0x00000075   Zero   RW          173    .bss..L_MergedGlobals  main.o
    0x2000010d        -       0x00000005   Zero   RW         1023    .bss..L_MergedGlobals  fatfs.o
    0x20000112   0x080110b8   0x00000002   PAD
    0x20000114        -       0x00000028   Zero   RW         1131    .bss..L_MergedGlobals  ff.o
    0x2000013c        -       0x00000074   Zero   RW          174    .bss..L_MergedGlobals.137  main.o
    0x200001b0        -       0x00000200   Zero   RW         1129    .bss.LfnBuf         ff.o
    0x200003b0        -       0x00000400   Zero   RW          155    .bss.buffer         main.o
    0x200007b0        -       0x000000aa   Zero   RW          149    .bss.data_buffer_print  main.o
    0x2000085a   0x080110b8   0x00000002   PAD
    0x2000085c        -       0x00000046   Zero   RW          153    .bss.data_buffer_print_energy_and_current_energy  main.o
    0x200008a2   0x080110b8   0x00000002   PAD
    0x200008a4        -       0x000000aa   Zero   RW          157    .bss.data_buffer_to_sdcard  main.o
    0x2000094e   0x080110b8   0x00000002   PAD
    0x20000950        -       0x0000000c   Zero   RW         1150    .bss.disk           ff_gen_drv.o
    0x2000095c        -       0x000000aa   Zero   RW          162    .bss.do_dai_du_lieu_gui_toi_lora  main.o
    0x20000a06   0x080110b8   0x00000002   PAD
    0x20000a08        -       0x000000aa   Zero   RW          163    .bss.du_lieu_gui_toi_lora  main.o
    0x20000ab2   0x080110b8   0x00000002   PAD
    0x20000ab4        -       0x00001030   Zero   RW          160    .bss.fil            main.o
    0x20001ae4        -       0x00001038   Zero   RW          161    .bss.fs             main.o
    0x20002b1c        -       0x00000054   Zero   RW          165    .bss.hi2c1          main.o
    0x20002b70        -       0x00000054   Zero   RW          146    .bss.hi2c2          main.o
    0x20002bc4        -       0x00000058   Zero   RW          166    .bss.hspi1          main.o
    0x20002c1c        -       0x00000044   Zero   RW          154    .bss.huart2         main.o
    0x20002c60        -       0x00000044   Zero   RW          164    .bss.huart4         main.o
    0x20002ca4        -       0x00000044   Zero   RW          147    .bss.huart5         main.o
    0x20002ce8        -       0x00000064   Zero   RW          156    .bss.ket_qua_fresult  main.o
    0x20002d4c        -       0x00000004   Zero   RW          577    .bss.uwTick         stm32f4xx_hal.o
    0x20002d50        -       0x00000200   Zero   RW            2    HEAP                startup_stm32f407xx.o
    0x20002f50        -       0x00000400   Zero   RW            1    STACK               startup_stm32f407xx.o


    Execution Region RW_IRAM2 (Exec base: 0x2001c000, Load base: 0x080110b8, Size: 0x00000000, Max: 0x00004000, ABSOLUTE)

    **** No section assigned to this execution region ****


==============================================================================

Image component sizes


      Code (inc. data)   RO Data    RW Data    ZI Data      Debug   Object Name

       514         10        942          0          0       2511   ccsbcs.o
       144          0          0          0          0       1883   diskio.o
        32          0          0          0          5       2034   fatfs.o
      4720         28          0          1          6      14338   fatfs_sd.o
     12520        104        128          0        552      87922   ff.o
        76          0          0          0         12       3291   ff_gen_drv.o
     17058        988       8204         12      10863      54852   main.o
        64         26        392          0       1536        856   startup_stm32f407xx.o
       204          0          0          8          4       7330   stm32f4xx_hal.o
       200          0          0          0          0      10560   stm32f4xx_hal_cortex.o
       178          0          0          0          0      10634   stm32f4xx_hal_dma.o
       454          0          0          0          0       5293   stm32f4xx_hal_gpio.o
      3838          0          0          0          0      53730   stm32f4xx_hal_i2c.o
       818          0          0          0          0      10556   stm32f4xx_hal_msp.o
      1420          0          0          0          0       7458   stm32f4xx_hal_rcc.o
      1794          0          0          0          0      26084   stm32f4xx_hal_spi.o
      3074          0          0          0          0      31753   stm32f4xx_hal_uart.o
        74          0          0          0          0       4195   stm32f4xx_it.o
        18          0         24          4          0       2683   system_stm32f4xx.o
        20          0          0         20          0       1993   user_diskio.o

    ----------------------------------------------------------------------
     47342       1156       9724         48      12992     339956   Object Totals
         0          0         32          0          0          0   (incl. Generated)
       122          0          2          3         14          0   (incl. Padding)

    ----------------------------------------------------------------------

      Code (inc. data)   RO Data    RW Data    ZI Data      Debug   Library Member Name

         8          0          0          0          0         68   __main.o
       392          4         17          0          0         92   __printf_flags_ss_wp.o
        14          0          0          0          0         68   __printf_wp.o
         0          0          0          0          0          0   __rtentry.o
        12          0          0          0          0          0   __rtentry2.o
         6          0          0          0          0          0   __rtentry4.o
        52          8          0          0          0          0   __scatter.o
        26          0          0          0          0          0   __scatter_copy.o
        28          0          0          0          0          0   __scatter_zi.o
        28          0          0          0          0         68   _chval.o
        44          0          0          0          0        108   _printf_char.o
        48          6          0          0          0         96   _printf_char_common.o
         6          0          0          0          0          0   _printf_d.o
       120         16          0          0          0         92   _printf_dec.o
         6          0          0          0          0          0   _printf_f.o
      1052          0          0          0          0        148   _printf_fp_dec.o
       128         16          0          0          0         84   _printf_fp_infnan.o
        88          4         40          0          0         88   _printf_hex_int.o
       178          0          0          0          0         88   _printf_intcommon.o
        78          0          0          0          0        108   _printf_pad.o
         0          0          0          0          0          0   _printf_percent.o
         4          0          0          0          0          0   _printf_percent_end.o
         6          0          0          0          0          0   _printf_s.o
        82          0          0          0          0         80   _printf_str.o
         6          0          0          0          0          0   _printf_u.o
         6          0          0          0          0          0   _printf_x.o
        22          0          0          0          0        100   _rserrno.o
        64          0          0          0          0         84   _sgetc.o
        10          0          0          0          0         68   _sputc.o
       158          0          0          0          0         92   _strtoul.o
        26          0          0          0          0         80   atoi.o
       228          4        148          0          0         96   bigflt0.o
      2152        136          0          0          0        956   btod.o
        18          0          0          0          0         80   exit.o
         6          0          0          0          0        152   heapauxi.o
         0          0          0          0          0          0   indicate_semi.o
        18          0          0          0          0         76   isspace.o
        44         10        272          0          0         76   lc_ctype_c.o
        44         10         28          0          0         76   lc_numeric_c.o
         2          0          0          0          0          0   libinit.o
        34          0          0          0          0          0   libinit2.o
         2          0          0          0          0          0   libshutdown.o
         2          0          0          0          0          0   libshutdown2.o
         8          4          0          0         96         68   libspace.o
        38          0          0          0          0         68   llshl.o
       138          0          0          0          0         80   lludiv10.o
       240          0          0          0          0        100   lludivv7m.o
        40          6          0          0          0         84   noretval__2sprintf.o
        16          4          0          0          0         76   rt_ctype_table.o
         8          4          0          0          0         68   rt_errno_addr_intlibspace.o
         8          4          0          0          0         68   rt_locale_intlibspace.o
        68          0          0          0          0         68   rt_memclr.o
        78          0          0          0          0         80   rt_memclr_w.o
       100          0          0          0          0         80   rt_memcpy_w.o
         2          0          0          0          0          0   rtexit.o
        10          0          0          0          0          0   rtexit2.o
      1272         16          0          0          0        168   scanf_fp.o
       800         14          0          0          0        100   scanf_hexfp.o
       308         16          0          0          0        100   scanf_infnan.o
       124          0          0          0          0         88   strcmpv7em.o
        72          0          0          0          0         80   strcpy.o
        62          0          0          0          0         76   strlen.o
       176         14          0          0          0        124   strtod.o
       112          0          0          0          0         88   strtol.o
        12          4          0          0          0         68   sys_exit.o
        74          0          0          0          0         80   sys_stackheap_outer.o
         2          0          0          0          0         68   use_no_semi.o
        98          4          0          0          0        140   d2f.o
        16          4          0          0          0        116   dcheck1.o
        24          0          0          0          0        116   dcmpi.o
       692        140          0          0          0        264   ddiv.o
       120          4          0          0          0        140   deqf.o
        90          4          0          0          0        140   dfixu.o
        38          0          0          0          0        116   dflt_clz.o
       120          4          0          0          0        140   dleqf.o
       340         12          0          0          0        152   dmul.o
       156          4          0          0          0        140   dnaninf.o
        12          0          0          0          0        116   dretinf.o
       108          0          0          0          0        128   drleqf.o
        86          4          0          0          0        132   f2d.o
       140          4          0          0          0        132   fnaninf.o
         0          0         16          0          0          0   fpconst.o
        26          0          0          0          0        116   fpinit.o
        10          0          0          0          0        116   fretinf.o
         6          0          0          0          0        116   istatus.o
         4          0          0          0          0        116   printf1.o
       100          0          0          0          0        116   retnan.o
        92          0          0          0          0        116   scalbn.o
         4          0          0          0          0        116   scanf1.o
         8          0          0          0          0        132   scanf2.o
        48          0          0          0          0        116   trapv.o
         0          0          0          0          0          0   usenofp.o
        56         10          0          0          0        132   atof.o
        64         16          0          0          0        248   dunder.o
        48          0          0          0          0        124   fpclassify.o
       140         22          0          0          0        132   frexp.o
       228          8          0          0          0        308   ldexp.o
       266         16          0          0          0        308   narrow.o

    ----------------------------------------------------------------------
     12178        556        524          0         96       9288   Library Totals
        22          0          3          0          0          0   (incl. Padding)

    ----------------------------------------------------------------------

      Code (inc. data)   RO Data    RW Data    ZI Data      Debug   Library Name

      9016        300        505          0         96       5004   c_w.l
      2338        184         16          0          0       3032   fz_wm.l
       802         72          0          0          0       1252   m_wm.l

    ----------------------------------------------------------------------
     12178        556        524          0         96       9288   Library Totals

    ----------------------------------------------------------------------

==============================================================================


      Code (inc. data)   RO Data    RW Data    ZI Data      Debug   

     59520       1712      10248         48      13088     343128   Grand Totals
     59520       1712      10248         48      13088     343128   ELF Image Totals
     59520       1712      10248         48          0          0   ROM Totals

==============================================================================

    Total RO  Size (Code + RO Data)                69768 (  68.13kB)
    Total RW  Size (RW Data + ZI Data)             13136 (  12.83kB)
    Total ROM Size (Code + RO Data + RW Data)      69816 (  68.18kB)

==============================================================================

